[+] Containers:
 |- [+] Container: /Game/Maps/Sandbox/Sandbox_2
 |   |- [+] ActorDescs:
 |   |   |- Guid:101B45AF4DADC00BA82E2490FE63A335 NativeClass:/Script/Engine.StaticMeshActor Name:StaticMeshActor_UAID_047C16B9CD142D6F02_1345340633 Label:SM_Cube2 SpatiallyLoaded:true EditorBounds:IsValid=true, Min=(X=-2020.000 Y=-2000.000 Z=0.000), Max=(X=-2000.000 Y=2000.000 Z=4000.000) RuntimeBounds:IsValid=true, Min=(X=-2020.000 Y=-2000.000 Z=0.000), Max=(X=-2000.000 Y=2000.000 Z=4000.000) RuntimeGrid:None EditorOnly:false RuntimeOnly:false HLODRelevant:true ListedInSceneOutliner:true IsMainWorldOnly:false FolderPath:World_bariers FolderGuid:4A008D8D4BA64FD81FEDA6BE685426D2
 |   |   |- Guid:15CA1076352630AE8FDDD808A191F3D6 NativeClass:/Script/Engine.SkyLight Name:SkyLight_0 Label:SkyLight SpatiallyLoaded:false EditorBounds:IsValid=true, Min=(X=-1.000 Y=-1.000 Z=-1.000), Max=(X=1.000 Y=1.000 Z=690.000) RuntimeBounds:IsValid=true, Min=(X=0.000 Y=0.000 Z=690.000), Max=(X=0.000 Y=0.000 Z=690.000) RuntimeGrid:None EditorOnly:false RuntimeOnly:false HLODRelevant:false ListedInSceneOutliner:true IsMainWorldOnly:false FolderPath:Lighting FolderGuid:0BA5F0A04EADB18E70D5B180D08FA34B
 |   |   |- Guid:1C37111AC6EF309BB29D9D99F367F9E2 NativeClass:/Script/Engine.SkyAtmosphere Name:SkyAtmosphere_0 Label:SkyAtmosphere SpatiallyLoaded:false EditorBounds:IsValid=true, Min=(X=-128.000 Y=-128.000 Z=892.000), Max=(X=240.000 Y=128.000 Z=1148.000) RuntimeBounds:IsValid=true, Min=(X=0.000 Y=0.000 Z=1020.000), Max=(X=0.000 Y=0.000 Z=1020.000) RuntimeGrid:None EditorOnly:false RuntimeOnly:false HLODRelevant:false ListedInSceneOutliner:true IsMainWorldOnly:false FolderPath:Lighting FolderGuid:0BA5F0A04EADB18E70D5B180D08FA34B
 |   |   |- Guid:1DF427F24598AFEFC49F5E9637EEA914 NativeClass:/Script/Engine.StaticMeshActor Name:StaticMeshActor_UAID_047C16B9CD142D6F02_1398818634 Label:SM_Cube3 SpatiallyLoaded:true EditorBounds:IsValid=true, Min=(X=1980.000 Y=-2000.000 Z=0.000), Max=(X=2000.000 Y=2000.000 Z=4000.000) RuntimeBounds:IsValid=true, Min=(X=1980.000 Y=-2000.000 Z=0.000), Max=(X=2000.000 Y=2000.000 Z=4000.000) RuntimeGrid:None EditorOnly:false RuntimeOnly:false HLODRelevant:true ListedInSceneOutliner:true IsMainWorldOnly:false FolderPath:World_bariers FolderGuid:4A008D8D4BA64FD81FEDA6BE685426D2
 |   |   |- Guid:248896734E4A394A92A9197CF65CD658 NativeClass:/Script/Engine.StaticMeshActor Name:StaticMeshActor_UAID_A4AE111137DC5EFB00_2001720423 Label:SM_SkySphere SpatiallyLoaded:false EditorBounds:IsValid=true, Min=(X=-1638400.000 Y=-1638400.000 Z=-1638400.000), Max=(X=1638400.000 Y=1638400.000 Z=1638400.000) RuntimeBounds:IsValid=true, Min=(X=-1638400.000 Y=-1638400.000 Z=-1638400.000), Max=(X=1638400.000 Y=1638400.000 Z=1638400.000) RuntimeGrid:None EditorOnly:false RuntimeOnly:false HLODRelevant:false ListedInSceneOutliner:true IsMainWorldOnly:false FolderPath:Lighting FolderGuid:0BA5F0A04EADB18E70D5B180D08FA34B
 |   |   |- Guid:3E81A19F42D039D8AABBD04A76CBD0EC NativeClass:/Script/Engine.PostProcessVolume Name:PostProcessVolume_0 Label:PostProcessVolume SpatiallyLoaded:false EditorBounds:IsValid=true, Min=(X=0.000 Y=0.000 Z=400.000), Max=(X=200.000 Y=200.000 Z=600.000) RuntimeBounds:IsValid=true, Min=(X=0.000 Y=0.000 Z=400.000), Max=(X=200.000 Y=200.000 Z=600.000) RuntimeGrid:None EditorOnly:false RuntimeOnly:false HLODRelevant:false ListedInSceneOutliner:true IsMainWorldOnly:false FolderPath:Lighting FolderGuid:0BA5F0A04EADB18E70D5B180D08FA34B
 |   |   |- Guid:5CD8BA217D1C32DE83F0D3FCABB700BF NativeClass:/Script/Engine.TextRenderActor Name:TextRenderActor_1 Label:TextRenderActor SpatiallyLoaded:true EditorBounds:IsValid=true, Min=(X=-128.100 Y=972.000 Z=12.013), Max=(X=127.900 Y=2363.461 Z=268.013) RuntimeBounds:IsValid=true, Min=(X=-0.100 Y=1100.000 Z=65.013), Max=(X=-0.100 Y=2363.461 Z=215.013) RuntimeGrid:None EditorOnly:false RuntimeOnly:false HLODRelevant:false ListedInSceneOutliner:true IsMainWorldOnly:false
 |   |   |- Guid:5DFED3D2461ADF99D1854AAEA6882178 NativeClass:/Script/Engine.StaticMeshActor Name:StaticMeshActor_UAID_047C16B9CD142D6F02_1437320635 Label:SM_Cube4 SpatiallyLoaded:true EditorBounds:IsValid=true, Min=(X=-2000.000 Y=-2000.000 Z=-0.000), Max=(X=2000.000 Y=-1980.000 Z=4000.000) RuntimeBounds:IsValid=true, Min=(X=-2000.000 Y=-2000.000 Z=-0.000), Max=(X=2000.000 Y=-1980.000 Z=4000.000) RuntimeGrid:None EditorOnly:false RuntimeOnly:false HLODRelevant:true ListedInSceneOutliner:true IsMainWorldOnly:false FolderPath:World_bariers FolderGuid:4A008D8D4BA64FD81FEDA6BE685426D2
 |   |   |- Guid:726F3C505B133C83B7412B37ABC05D2E NativeClass:/Script/Engine.ExponentialHeightFog Name:ExponentialHeightFog_0 Label:ExponentialHeightFog SpatiallyLoaded:false EditorBounds:IsValid=true, Min=(X=-5728.000 Y=-178.000 Z=-6978.000), Max=(X=-5472.000 Y=78.000 Z=-6722.000) RuntimeBounds:IsValid=true, Min=(X=-5600.000 Y=-50.000 Z=-6850.000), Max=(X=-5600.000 Y=-50.000 Z=-6850.000) RuntimeGrid:None EditorOnly:false RuntimeOnly:false HLODRelevant:false ListedInSceneOutliner:true IsMainWorldOnly:false FolderPath:Lighting FolderGuid:0BA5F0A04EADB18E70D5B180D08FA34B
 |   |   |- Guid:7C862BA8BCDD35D386CC98C98F722B67 BaseClass:/Game/Misc/Vsync_Enabler_BP.Vsync_Enabler_BP_C NativeClass:/Script/Engine.Actor Name:Vsync_Enabler_BP_C_UAID_047C16B9CD14E46702_2058924393 Label:Vsync_Enabler_BP SpatiallyLoaded:true EditorBounds:IsValid=true, Min=(X=0.000 Y=0.000 Z=0.000), Max=(X=0.000 Y=0.000 Z=0.000) RuntimeBounds:IsValid=true, Min=(X=0.000 Y=0.000 Z=0.000), Max=(X=0.000 Y=0.000 Z=0.000) RuntimeGrid:None EditorOnly:false RuntimeOnly:false HLODRelevant:false ListedInSceneOutliner:true IsMainWorldOnly:false
 |   |   |- Guid:7DA8F2122D783999B755DF5778928AE3 NativeClass:/Script/Engine.WorldDataLayers Name:WorldDataLayers Label:WorldDataLayers SpatiallyLoaded:false EditorBounds:IsValid=false, Min=(X=0.000 Y=0.000 Z=0.000), Max=(X=0.000 Y=0.000 Z=0.000) RuntimeBounds:IsValid=false, Min=(X=0.000 Y=0.000 Z=0.000), Max=(X=0.000 Y=0.000 Z=0.000) RuntimeGrid:None EditorOnly:false RuntimeOnly:false HLODRelevant:false ListedInSceneOutliner:true IsMainWorldOnly:true
 |   |   |- Guid:A263595190223A9885663FB28391E4C5 NativeClass:/Script/NavigationSystem.RecastNavMesh Name:RecastNavMesh_UAID_047C16B9CD14265502-Default Label:RecastNavMesh-Default SpatiallyLoaded:false EditorBounds:IsValid=true, Min=(X=0.000 Y=0.000 Z=0.000), Max=(X=0.000 Y=0.000 Z=0.000) RuntimeBounds:IsValid=true, Min=(X=0.000 Y=0.000 Z=0.000), Max=(X=0.000 Y=0.000 Z=0.000) RuntimeGrid:None EditorOnly:false RuntimeOnly:false HLODRelevant:false ListedInSceneOutliner:true IsMainWorldOnly:false
 |   |   |- Guid:BF622DEE4B36743CDC9F039B8B93C084 NativeClass:/Script/Engine.StaticMeshActor Name:StaticMeshActor_UAID_047C16B9CD142D6F02_1188962632 Label:SM_Cube SpatiallyLoaded:true EditorBounds:IsValid=true, Min=(X=-2000.000 Y=-2000.000 Z=0.000), Max=(X=2000.000 Y=2000.000 Z=20.000) RuntimeBounds:IsValid=true, Min=(X=-2000.000 Y=-2000.000 Z=0.000), Max=(X=2000.000 Y=2000.000 Z=20.000) RuntimeGrid:None EditorOnly:false RuntimeOnly:false HLODRelevant:true ListedInSceneOutliner:true IsMainWorldOnly:false FolderPath:World_bariers FolderGuid:4A008D8D4BA64FD81FEDA6BE685426D2
 |   |   |- Guid:D14630CB76633D97941685916DCD6401 NativeClass:/Script/Engine.PlayerStart Name:PlayerStart_0 Label:PlayerStart SpatiallyLoaded:false EditorBounds:IsValid=true, Min=(X=-128.000 Y=-128.000 Z=-8.000), Max=(X=240.000 Y=128.000 Z=248.000) RuntimeBounds:IsValid=true, Min=(X=-40.000 Y=-40.000 Z=28.000), Max=(X=40.000 Y=40.000 Z=212.000) RuntimeGrid:None EditorOnly:false RuntimeOnly:false HLODRelevant:false ListedInSceneOutliner:true IsMainWorldOnly:false
 |   |   |- Guid:F0EB5739B70C3922BB5D461544A96833 NativeClass:/Script/Engine.DirectionalLight Name:DirectionalLight_1 Label:DirectionalLight SpatiallyLoaded:false EditorBounds:IsValid=false, Min=(X=0.000 Y=0.000 Z=0.000), Max=(X=0.000 Y=0.000 Z=0.000) RuntimeBounds:IsValid=false, Min=(X=0.000 Y=0.000 Z=0.000), Max=(X=0.000 Y=0.000 Z=0.000) RuntimeGrid:None EditorOnly:false RuntimeOnly:false HLODRelevant:false ListedInSceneOutliner:true IsMainWorldOnly:false FolderPath:Lighting FolderGuid:0BA5F0A04EADB18E70D5B180D08FA34B
 |   |   |- Guid:FA74EDBF550B3735A32FA05C9E3F1B0B NativeClass:/Script/Engine.VolumetricCloud Name:VolumetricCloud_0 Label:VolumetricCloud SpatiallyLoaded:false EditorBounds:IsValid=true, Min=(X=-128.000 Y=-128.000 Z=692.000), Max=(X=128.000 Y=128.000 Z=948.000) RuntimeBounds:IsValid=true, Min=(X=0.000 Y=0.000 Z=820.000), Max=(X=0.000 Y=0.000 Z=820.000) RuntimeGrid:None EditorOnly:false RuntimeOnly:false HLODRelevant:false ListedInSceneOutliner:true IsMainWorldOnly:false FolderPath:Lighting FolderGuid:0BA5F0A04EADB18E70D5B180D08FA34B
 |   |- [+] Clusters:
 |   |   |- [+] [  0]
 |   |   |   |- Guid:101B45AF4DADC00BA82E2490FE63A335 NativeClass:/Script/Engine.StaticMeshActor Name:StaticMeshActor_UAID_047C16B9CD142D6F02_1345340633 Label:SM_Cube2 SpatiallyLoaded:true EditorBounds:IsValid=true, Min=(X=-2020.000 Y=-2000.000 Z=0.000), Max=(X=-2000.000 Y=2000.000 Z=4000.000) RuntimeBounds:IsValid=true, Min=(X=-2020.000 Y=-2000.000 Z=0.000), Max=(X=-2000.000 Y=2000.000 Z=4000.000) RuntimeGrid:None EditorOnly:false RuntimeOnly:false HLODRelevant:true ListedInSceneOutliner:true IsMainWorldOnly:false FolderPath:World_bariers FolderGuid:4A008D8D4BA64FD81FEDA6BE685426D2
 |   |   |- [+] [  1]
 |   |   |   |- Guid:15CA1076352630AE8FDDD808A191F3D6 NativeClass:/Script/Engine.SkyLight Name:SkyLight_0 Label:SkyLight SpatiallyLoaded:false EditorBounds:IsValid=true, Min=(X=-1.000 Y=-1.000 Z=-1.000), Max=(X=1.000 Y=1.000 Z=690.000) RuntimeBounds:IsValid=true, Min=(X=0.000 Y=0.000 Z=690.000), Max=(X=0.000 Y=0.000 Z=690.000) RuntimeGrid:None EditorOnly:false RuntimeOnly:false HLODRelevant:false ListedInSceneOutliner:true IsMainWorldOnly:false FolderPath:Lighting FolderGuid:0BA5F0A04EADB18E70D5B180D08FA34B
 |   |   |- [+] [  2]
 |   |   |   |- Guid:1C37111AC6EF309BB29D9D99F367F9E2 NativeClass:/Script/Engine.SkyAtmosphere Name:SkyAtmosphere_0 Label:SkyAtmosphere SpatiallyLoaded:false EditorBounds:IsValid=true, Min=(X=-128.000 Y=-128.000 Z=892.000), Max=(X=240.000 Y=128.000 Z=1148.000) RuntimeBounds:IsValid=true, Min=(X=0.000 Y=0.000 Z=1020.000), Max=(X=0.000 Y=0.000 Z=1020.000) RuntimeGrid:None EditorOnly:false RuntimeOnly:false HLODRelevant:false ListedInSceneOutliner:true IsMainWorldOnly:false FolderPath:Lighting FolderGuid:0BA5F0A04EADB18E70D5B180D08FA34B
 |   |   |- [+] [  3]
 |   |   |   |- Guid:1DF427F24598AFEFC49F5E9637EEA914 NativeClass:/Script/Engine.StaticMeshActor Name:StaticMeshActor_UAID_047C16B9CD142D6F02_1398818634 Label:SM_Cube3 SpatiallyLoaded:true EditorBounds:IsValid=true, Min=(X=1980.000 Y=-2000.000 Z=0.000), Max=(X=2000.000 Y=2000.000 Z=4000.000) RuntimeBounds:IsValid=true, Min=(X=1980.000 Y=-2000.000 Z=0.000), Max=(X=2000.000 Y=2000.000 Z=4000.000) RuntimeGrid:None EditorOnly:false RuntimeOnly:false HLODRelevant:true ListedInSceneOutliner:true IsMainWorldOnly:false FolderPath:World_bariers FolderGuid:4A008D8D4BA64FD81FEDA6BE685426D2
 |   |   |- [+] [  4]
 |   |   |   |- Guid:248896734E4A394A92A9197CF65CD658 NativeClass:/Script/Engine.StaticMeshActor Name:StaticMeshActor_UAID_A4AE111137DC5EFB00_2001720423 Label:SM_SkySphere SpatiallyLoaded:false EditorBounds:IsValid=true, Min=(X=-1638400.000 Y=-1638400.000 Z=-1638400.000), Max=(X=1638400.000 Y=1638400.000 Z=1638400.000) RuntimeBounds:IsValid=true, Min=(X=-1638400.000 Y=-1638400.000 Z=-1638400.000), Max=(X=1638400.000 Y=1638400.000 Z=1638400.000) RuntimeGrid:None EditorOnly:false RuntimeOnly:false HLODRelevant:false ListedInSceneOutliner:true IsMainWorldOnly:false FolderPath:Lighting FolderGuid:0BA5F0A04EADB18E70D5B180D08FA34B
 |   |   |- [+] [  5]
 |   |   |   |- Guid:3E81A19F42D039D8AABBD04A76CBD0EC NativeClass:/Script/Engine.PostProcessVolume Name:PostProcessVolume_0 Label:PostProcessVolume SpatiallyLoaded:false EditorBounds:IsValid=true, Min=(X=0.000 Y=0.000 Z=400.000), Max=(X=200.000 Y=200.000 Z=600.000) RuntimeBounds:IsValid=true, Min=(X=0.000 Y=0.000 Z=400.000), Max=(X=200.000 Y=200.000 Z=600.000) RuntimeGrid:None EditorOnly:false RuntimeOnly:false HLODRelevant:false ListedInSceneOutliner:true IsMainWorldOnly:false FolderPath:Lighting FolderGuid:0BA5F0A04EADB18E70D5B180D08FA34B
 |   |   |- [+] [  6]
 |   |   |   |- Guid:5CD8BA217D1C32DE83F0D3FCABB700BF NativeClass:/Script/Engine.TextRenderActor Name:TextRenderActor_1 Label:TextRenderActor SpatiallyLoaded:true EditorBounds:IsValid=true, Min=(X=-128.100 Y=972.000 Z=12.013), Max=(X=127.900 Y=2363.461 Z=268.013) RuntimeBounds:IsValid=true, Min=(X=-0.100 Y=1100.000 Z=65.013), Max=(X=-0.100 Y=2363.461 Z=215.013) RuntimeGrid:None EditorOnly:false RuntimeOnly:false HLODRelevant:false ListedInSceneOutliner:true IsMainWorldOnly:false
 |   |   |- [+] [  7]
 |   |   |   |- Guid:5DFED3D2461ADF99D1854AAEA6882178 NativeClass:/Script/Engine.StaticMeshActor Name:StaticMeshActor_UAID_047C16B9CD142D6F02_1437320635 Label:SM_Cube4 SpatiallyLoaded:true EditorBounds:IsValid=true, Min=(X=-2000.000 Y=-2000.000 Z=-0.000), Max=(X=2000.000 Y=-1980.000 Z=4000.000) RuntimeBounds:IsValid=true, Min=(X=-2000.000 Y=-2000.000 Z=-0.000), Max=(X=2000.000 Y=-1980.000 Z=4000.000) RuntimeGrid:None EditorOnly:false RuntimeOnly:false HLODRelevant:true ListedInSceneOutliner:true IsMainWorldOnly:false FolderPath:World_bariers FolderGuid:4A008D8D4BA64FD81FEDA6BE685426D2
 |   |   |- [+] [  8]
 |   |   |   |- Guid:726F3C505B133C83B7412B37ABC05D2E NativeClass:/Script/Engine.ExponentialHeightFog Name:ExponentialHeightFog_0 Label:ExponentialHeightFog SpatiallyLoaded:false EditorBounds:IsValid=true, Min=(X=-5728.000 Y=-178.000 Z=-6978.000), Max=(X=-5472.000 Y=78.000 Z=-6722.000) RuntimeBounds:IsValid=true, Min=(X=-5600.000 Y=-50.000 Z=-6850.000), Max=(X=-5600.000 Y=-50.000 Z=-6850.000) RuntimeGrid:None EditorOnly:false RuntimeOnly:false HLODRelevant:false ListedInSceneOutliner:true IsMainWorldOnly:false FolderPath:Lighting FolderGuid:0BA5F0A04EADB18E70D5B180D08FA34B
 |   |   |- [+] [  9]
 |   |   |   |- Guid:7C862BA8BCDD35D386CC98C98F722B67 BaseClass:/Game/Misc/Vsync_Enabler_BP.Vsync_Enabler_BP_C NativeClass:/Script/Engine.Actor Name:Vsync_Enabler_BP_C_UAID_047C16B9CD14E46702_2058924393 Label:Vsync_Enabler_BP SpatiallyLoaded:true EditorBounds:IsValid=true, Min=(X=0.000 Y=0.000 Z=0.000), Max=(X=0.000 Y=0.000 Z=0.000) RuntimeBounds:IsValid=true, Min=(X=0.000 Y=0.000 Z=0.000), Max=(X=0.000 Y=0.000 Z=0.000) RuntimeGrid:None EditorOnly:false RuntimeOnly:false HLODRelevant:false ListedInSceneOutliner:true IsMainWorldOnly:false
 |   |   |- [+] [ 10]
 |   |   |   |- Guid:7DA8F2122D783999B755DF5778928AE3 NativeClass:/Script/Engine.WorldDataLayers Name:WorldDataLayers Label:WorldDataLayers SpatiallyLoaded:false EditorBounds:IsValid=false, Min=(X=0.000 Y=0.000 Z=0.000), Max=(X=0.000 Y=0.000 Z=0.000) RuntimeBounds:IsValid=false, Min=(X=0.000 Y=0.000 Z=0.000), Max=(X=0.000 Y=0.000 Z=0.000) RuntimeGrid:None EditorOnly:false RuntimeOnly:false HLODRelevant:false ListedInSceneOutliner:true IsMainWorldOnly:true
 |   |   |- [+] [ 11]
 |   |   |   |- Guid:A263595190223A9885663FB28391E4C5 NativeClass:/Script/NavigationSystem.RecastNavMesh Name:RecastNavMesh_UAID_047C16B9CD14265502-Default Label:RecastNavMesh-Default SpatiallyLoaded:false EditorBounds:IsValid=true, Min=(X=0.000 Y=0.000 Z=0.000), Max=(X=0.000 Y=0.000 Z=0.000) RuntimeBounds:IsValid=true, Min=(X=0.000 Y=0.000 Z=0.000), Max=(X=0.000 Y=0.000 Z=0.000) RuntimeGrid:None EditorOnly:false RuntimeOnly:false HLODRelevant:false ListedInSceneOutliner:true IsMainWorldOnly:false
 |   |   |- [+] [ 12]
 |   |   |   |- Guid:BF622DEE4B36743CDC9F039B8B93C084 NativeClass:/Script/Engine.StaticMeshActor Name:StaticMeshActor_UAID_047C16B9CD142D6F02_1188962632 Label:SM_Cube SpatiallyLoaded:true EditorBounds:IsValid=true, Min=(X=-2000.000 Y=-2000.000 Z=0.000), Max=(X=2000.000 Y=2000.000 Z=20.000) RuntimeBounds:IsValid=true, Min=(X=-2000.000 Y=-2000.000 Z=0.000), Max=(X=2000.000 Y=2000.000 Z=20.000) RuntimeGrid:None EditorOnly:false RuntimeOnly:false HLODRelevant:true ListedInSceneOutliner:true IsMainWorldOnly:false FolderPath:World_bariers FolderGuid:4A008D8D4BA64FD81FEDA6BE685426D2
 |   |   |- [+] [ 13]
 |   |   |   |- Guid:D14630CB76633D97941685916DCD6401 NativeClass:/Script/Engine.PlayerStart Name:PlayerStart_0 Label:PlayerStart SpatiallyLoaded:false EditorBounds:IsValid=true, Min=(X=-128.000 Y=-128.000 Z=-8.000), Max=(X=240.000 Y=128.000 Z=248.000) RuntimeBounds:IsValid=true, Min=(X=-40.000 Y=-40.000 Z=28.000), Max=(X=40.000 Y=40.000 Z=212.000) RuntimeGrid:None EditorOnly:false RuntimeOnly:false HLODRelevant:false ListedInSceneOutliner:true IsMainWorldOnly:false
 |   |   |- [+] [ 14]
 |   |   |   |- Guid:F0EB5739B70C3922BB5D461544A96833 NativeClass:/Script/Engine.DirectionalLight Name:DirectionalLight_1 Label:DirectionalLight SpatiallyLoaded:false EditorBounds:IsValid=false, Min=(X=0.000 Y=0.000 Z=0.000), Max=(X=0.000 Y=0.000 Z=0.000) RuntimeBounds:IsValid=false, Min=(X=0.000 Y=0.000 Z=0.000), Max=(X=0.000 Y=0.000 Z=0.000) RuntimeGrid:None EditorOnly:false RuntimeOnly:false HLODRelevant:false ListedInSceneOutliner:true IsMainWorldOnly:false FolderPath:Lighting FolderGuid:0BA5F0A04EADB18E70D5B180D08FA34B
 |   |   |- [+] [ 15]
 |   |   |   |- Guid:FA74EDBF550B3735A32FA05C9E3F1B0B NativeClass:/Script/Engine.VolumetricCloud Name:VolumetricCloud_0 Label:VolumetricCloud SpatiallyLoaded:false EditorBounds:IsValid=true, Min=(X=-128.000 Y=-128.000 Z=692.000), Max=(X=128.000 Y=128.000 Z=948.000) RuntimeBounds:IsValid=true, Min=(X=0.000 Y=0.000 Z=820.000), Max=(X=0.000 Y=0.000 Z=820.000) RuntimeGrid:None EditorOnly:false RuntimeOnly:false HLODRelevant:false ListedInSceneOutliner:true IsMainWorldOnly:false FolderPath:Lighting FolderGuid:0BA5F0A04EADB18E70D5B180D08FA34B
 |- ContainerInstances:
 |- [+] MainContainer:
 |   |-        ID: 00000000000000000000000000000000
 |   |-  ParentID: 00000000000000000000000000000000
 |   |-    Bounds: IsValid=false, Min=(X=0.000 Y=0.000 Z=0.000), Max=(X=0.000 Y=0.000 Z=0.000)
 |   |- Transform: 0.000000,0.000000,0.000000|0.000000,0.000000,-0.000000|1.000000,1.000000,1.000000
 |   |- Container: /Game/Maps/Sandbox/Sandbox_2
----------------------------------------------------------------------------------------------------------------
Sandbox_2 - Persistent Level
----------------------------------------------------------------------------------------------------------------
[+] Content of Sandbox_2 Persistent Level
 |- Always loaded Actor Count: 16 
 |- Actor Path: /Game/Maps/Sandbox/Sandbox_2.Sandbox_2:PersistentLevel.DirectionalLight_1
 |- Actor Package: /Game/__ExternalActors__/Maps/Sandbox/Sandbox_2/C/MO/MXMFB9MKC7WMP3DFAVB93Y
 |- Actor Path: /Game/Maps/Sandbox/Sandbox_2.Sandbox_2:PersistentLevel.ExponentialHeightFog_0
 |- Actor Package: /Game/__ExternalActors__/Maps/Sandbox/Sandbox_2/C/47/C5GL24PU5R3T6PKYTVEDCF
 |- Actor Path: /Game/Maps/Sandbox/Sandbox_2.Sandbox_2:PersistentLevel.PlayerStart_0
 |- Actor Package: /Game/__ExternalActors__/Maps/Sandbox/Sandbox_2/C/MF/TVC6T6KZOG614XJS8DQ6I9
 |- Actor Path: /Game/Maps/Sandbox/Sandbox_2.Sandbox_2:PersistentLevel.PostProcessVolume_0
 |- Actor Package: /Game/__ExternalActors__/Maps/Sandbox/Sandbox_2/4/3C/UZXR7DP9GCV3TTEUXL6YOZ
 |- Actor Path: /Game/Maps/Sandbox/Sandbox_2.Sandbox_2:PersistentLevel.RecastNavMesh_UAID_047C16B9CD14265502-Default
 |- Actor Package: /Game/__ExternalActors__/Maps/Sandbox/Sandbox_2/2/XG/02X6X84GVH2F0QI844EMQW
 |- Actor Path: /Game/Maps/Sandbox/Sandbox_2.Sandbox_2:PersistentLevel.SkyAtmosphere_0
 |- Actor Package: /Game/__ExternalActors__/Maps/Sandbox/Sandbox_2/3/R3/DTCL1FNDDRDNPFYMI1FDYU
 |- Actor Path: /Game/Maps/Sandbox/Sandbox_2.Sandbox_2:PersistentLevel.SkyLight_0
 |- Actor Package: /Game/__ExternalActors__/Maps/Sandbox/Sandbox_2/9/V0/KDMOH5234F3BFEW9OWCF81
 |- Actor Path: /Game/Maps/Sandbox/Sandbox_2.Sandbox_2:PersistentLevel.StaticMeshActor_UAID_047C16B9CD142D6F02_1188962632
 |- Actor Package: /Game/__ExternalActors__/Maps/Sandbox/Sandbox_2/4/O3/8GH21MS8KG20LIR2K56EYZ
 |- Actor Path: /Game/Maps/Sandbox/Sandbox_2.Sandbox_2:PersistentLevel.StaticMeshActor_UAID_047C16B9CD142D6F02_1345340633
 |- Actor Package: /Game/__ExternalActors__/Maps/Sandbox/Sandbox_2/B/UX/VZ37PHNR311W2T6M2ZD3TC
 |- Actor Path: /Game/Maps/Sandbox/Sandbox_2.Sandbox_2:PersistentLevel.StaticMeshActor_UAID_047C16B9CD142D6F02_1398818634
 |- Actor Package: /Game/__ExternalActors__/Maps/Sandbox/Sandbox_2/0/FD/HAYR2FLEB5UK14ANSNAPWY
 |- Actor Path: /Game/Maps/Sandbox/Sandbox_2.Sandbox_2:PersistentLevel.StaticMeshActor_UAID_047C16B9CD142D6F02_1437320635
 |- Actor Package: /Game/__ExternalActors__/Maps/Sandbox/Sandbox_2/A/I7/T2C9CR1Z32P3QF0AV0M8M3
 |- Actor Path: /Game/Maps/Sandbox/Sandbox_2.Sandbox_2:PersistentLevel.StaticMeshActor_UAID_A4AE111137DC5EFB00_2001720423
 |- Actor Package: /Game/__ExternalActors__/Maps/Sandbox/Sandbox_2/C/LJ/6ECEKP2622V8HJMWU6B0RX
 |- Actor Path: /Game/Maps/Sandbox/Sandbox_2.Sandbox_2:PersistentLevel.TextRenderActor_1
 |- Actor Package: /Game/__ExternalActors__/Maps/Sandbox/Sandbox_2/B/UZ/TGY02SDWKVFSG4EVMIOAYJ
 |- Actor Path: /Game/Maps/Sandbox/Sandbox_2.Sandbox_2:PersistentLevel.VolumetricCloud_0
 |- Actor Package: /Game/__ExternalActors__/Maps/Sandbox/Sandbox_2/B/OT/HUJRFTZI5MSINWTHUPTMKO
 |- Actor Path: /Game/Maps/Sandbox/Sandbox_2.Sandbox_2:PersistentLevel.Vsync_Enabler_BP_C_UAID_047C16B9CD14E46702_2058924393
 |- Actor Package: /Game/__ExternalActors__/Maps/Sandbox/Sandbox_2/8/MT/VJYXMMBNZHQLPB7CIPD26B
 |- Actor Path: /Game/Maps/Sandbox/Sandbox_2.Sandbox_2:PersistentLevel.WorldDataLayers
 |- Actor Package: /Game/__ExternalActors__/Maps/Sandbox/Sandbox_2/7/A0/EGDARBNOO0BPPLG483HKNA

----------------------------------------------------------------------------------------------------------------
Sandbox_2 - Runtime Hash Set
----------------------------------------------------------------------------------------------------------------

