[+] Containers:
 |- [+] Container: /Game/Maps/Levels/Level_2
 |   |- [+] ActorDescs:
 |   |   |- Guid:0BF5BA9C4C3A38C7825F37AADCE14421 NativeClass:/Script/Engine.PointLight Name:PointLight_UAID_047C16B9CD143D7302_1611131678 Label:PointLight SpatiallyLoaded:true EditorBounds:IsValid=true, Min=(X=-610.000 Y=1700.000 Z=-690.000), Max=(X=990.000 Y=3300.000 Z=910.000) RuntimeBounds:IsValid=true, Min=(X=-610.000 Y=1700.000 Z=-690.000), Max=(X=990.000 Y=3300.000 Z=910.000) RuntimeGrid:None EditorOnly:false RuntimeOnly:false HLODRelevant:false ListedInSceneOutliner:true IsMainWorldOnly:false FolderPath:EnviromentBlocks/Tunnel FolderGuid:05901BB44D626FFFD12AA5A75E7D60F4
 |   |   |- Guid:2E5B9335CE50352B976F171B36025D2A NativeClass:/Script/Engine.SkyAtmosphere Name:SkyAtmosphere_0 Label:SkyAtmosphere SpatiallyLoaded:false EditorBounds:IsValid=true, Min=(X=-128.000 Y=-128.000 Z=892.000), Max=(X=240.000 Y=128.000 Z=1148.000) RuntimeBounds:IsValid=true, Min=(X=0.000 Y=0.000 Z=1020.000), Max=(X=0.000 Y=0.000 Z=1020.000) RuntimeGrid:None EditorOnly:false RuntimeOnly:false HLODRelevant:false ListedInSceneOutliner:true IsMainWorldOnly:false FolderPath:Lighting FolderGuid:0BA5F0A04EADB18E70D5B180D08FA34B
 |   |   |- Guid:2F089031548F340E839782095BA65942 NativeClass:/Script/Engine.VolumetricCloud Name:VolumetricCloud_0 Label:VolumetricCloud SpatiallyLoaded:false EditorBounds:IsValid=true, Min=(X=-128.000 Y=-128.000 Z=692.000), Max=(X=128.000 Y=128.000 Z=948.000) RuntimeBounds:IsValid=true, Min=(X=0.000 Y=0.000 Z=820.000), Max=(X=0.000 Y=0.000 Z=820.000) RuntimeGrid:None EditorOnly:false RuntimeOnly:false HLODRelevant:false ListedInSceneOutliner:true IsMainWorldOnly:false FolderPath:Lighting FolderGuid:0BA5F0A04EADB18E70D5B180D08FA34B
 |   |   |- Guid:34D505E929CE34D3A6B922F0C91078D9 NativeClass:/Script/NavigationSystem.NavMeshBoundsVolume Name:NavMeshBoundsVolume_UAID_047C16B9CD14E17402_1414530612 Label:NavMeshBoundsVolume SpatiallyLoaded:false EditorBounds:IsValid=true, Min=(X=-45900.000 Y=-47500.000 Z=-8650.000), Max=(X=54100.000 Y=52500.000 Z=11350.000) RuntimeBounds:IsValid=true, Min=(X=-45900.000 Y=-47500.000 Z=-8650.000), Max=(X=54100.000 Y=52500.000 Z=11350.000) RuntimeGrid:None EditorOnly:false RuntimeOnly:false HLODRelevant:false ListedInSceneOutliner:true IsMainWorldOnly:false
 |   |   |- Guid:3CB2821183FC38208888FE17E26CFA64 NativeClass:/Script/Engine.StaticMeshActor Name:StaticMeshActor_4 Label:SM_Cube3 SpatiallyLoaded:true EditorBounds:IsValid=true, Min=(X=0.000 Y=2900.000 Z=0.000), Max=(X=2500.000 Y=3000.000 Z=600.000) RuntimeBounds:IsValid=true, Min=(X=0.000 Y=2900.000 Z=0.000), Max=(X=2500.000 Y=3000.000 Z=600.000) RuntimeGrid:None EditorOnly:false RuntimeOnly:false HLODRelevant:true ListedInSceneOutliner:true IsMainWorldOnly:false FolderPath:EnviromentBlocks/Tunnel FolderGuid:05901BB44D626FFFD12AA5A75E7D60F4
 |   |   |- Guid:46B97FF8331F3518BB89C1B3169334CD NativeClass:/Script/Engine.PostProcessVolume Name:PostProcessVolume_0 Label:PostProcessVolume SpatiallyLoaded:false EditorBounds:IsValid=true, Min=(X=0.000 Y=0.000 Z=400.000), Max=(X=200.000 Y=200.000 Z=600.000) RuntimeBounds:IsValid=true, Min=(X=0.000 Y=0.000 Z=400.000), Max=(X=200.000 Y=200.000 Z=600.000) RuntimeGrid:None EditorOnly:false RuntimeOnly:false HLODRelevant:false ListedInSceneOutliner:true IsMainWorldOnly:false FolderPath:Lighting FolderGuid:0BA5F0A04EADB18E70D5B180D08FA34B
 |   |   |- Guid:4E455F6FCE713BE7BF0C4F03D492C41D NativeClass:/Script/NavigationSystem.RecastNavMesh Name:RecastNavMesh_UAID_047C16B9CD14E17402-Default Label:RecastNavMesh-Default SpatiallyLoaded:false EditorBounds:IsValid=true, Min=(X=0.000 Y=0.000 Z=0.000), Max=(X=0.000 Y=0.000 Z=0.000) RuntimeBounds:IsValid=true, Min=(X=0.000 Y=0.000 Z=0.000), Max=(X=0.000 Y=0.000 Z=0.000) RuntimeGrid:None EditorOnly:false RuntimeOnly:false HLODRelevant:false ListedInSceneOutliner:true IsMainWorldOnly:false
 |   |   |- Guid:5352DC0F4782DCAE2662159B270DD28D NativeClass:/Script/Engine.StaticMeshActor Name:StaticMeshActor_UAID_047C16B9CD14E57402_1549952337 Label:SM_Cube7 SpatiallyLoaded:true EditorBounds:IsValid=true, Min=(X=2500.000 Y=3000.000 Z=-50.000), Max=(X=3500.000 Y=4500.000 Z=0.000) RuntimeBounds:IsValid=true, Min=(X=2500.000 Y=3000.000 Z=-50.000), Max=(X=3500.000 Y=4500.000 Z=0.000) RuntimeGrid:None EditorOnly:false RuntimeOnly:false HLODRelevant:true ListedInSceneOutliner:true IsMainWorldOnly:false FolderPath:EnviromentBlocks/Tunnel FolderGuid:05901BB44D626FFFD12AA5A75E7D60F4
 |   |   |- Guid:62331303465D9A2749EE2792C23A98DC NativeClass:/Script/Engine.TextRenderActor Name:TextRenderActor_UAID_047C16B9CD14E57402_1380871333 Label:TextRenderActor2 SpatiallyLoaded:true EditorBounds:IsValid=true, Min=(X=3271.000 Y=2122.000 Z=122.000), Max=(X=3527.000 Y=2711.538 Z=450.000) RuntimeBounds:IsValid=true, Min=(X=3399.000 Y=2250.000 Z=250.000), Max=(X=3399.000 Y=2711.538 Z=450.000) RuntimeGrid:None EditorOnly:false RuntimeOnly:false HLODRelevant:false ListedInSceneOutliner:true IsMainWorldOnly:false FolderPath:EnviromentBlocks/Tips FolderGuid:8E5876F84C4BBB49C8E6F7BB2FA1E77D
 |   |   |- Guid:670E76841F5D30EC927B563DD5980390 NativeClass:/Script/Engine.StaticMeshActor Name:StaticMeshActor_UAID_047C16B9CD14E17402_2119089626 Label:SM_Cube6 SpatiallyLoaded:true EditorBounds:IsValid=true, Min=(X=6000.000 Y=3500.000 Z=0.000), Max=(X=6100.000 Y=4500.000 Z=600.000) RuntimeBounds:IsValid=true, Min=(X=6000.000 Y=3500.000 Z=0.000), Max=(X=6100.000 Y=4500.000 Z=600.000) RuntimeGrid:None EditorOnly:false RuntimeOnly:false HLODRelevant:true ListedInSceneOutliner:true IsMainWorldOnly:false FolderPath:EnviromentBlocks/Tunnel FolderGuid:05901BB44D626FFFD12AA5A75E7D60F4
 |   |   |- Guid:6E51132B490D329CC12E8BB7C5997C6A NativeClass:/Script/Engine.StaticMeshActor Name:StaticMeshActor_UAID_047C16B9CD14E57402_1625867341 Label:SM_Cube11 SpatiallyLoaded:true EditorBounds:IsValid=true, Min=(X=3500.000 Y=3500.000 Z=0.000), Max=(X=7000.000 Y=3600.000 Z=600.000) RuntimeBounds:IsValid=true, Min=(X=3500.000 Y=3500.000 Z=0.000), Max=(X=7000.000 Y=3600.000 Z=600.000) RuntimeGrid:None EditorOnly:false RuntimeOnly:false HLODRelevant:true ListedInSceneOutliner:true IsMainWorldOnly:false FolderPath:EnviromentBlocks/Tunnel FolderGuid:05901BB44D626FFFD12AA5A75E7D60F4
 |   |   |- Guid:732998F09E463BF09EE4D305EE3F9422 NativeClass:/Script/Engine.StaticMeshActor Name:StaticMeshActor_3 Label:SM_Cube2 SpatiallyLoaded:true EditorBounds:IsValid=true, Min=(X=0.000 Y=2000.000 Z=0.000), Max=(X=3500.000 Y=2100.000 Z=600.000) RuntimeBounds:IsValid=true, Min=(X=0.000 Y=2000.000 Z=0.000), Max=(X=3500.000 Y=2100.000 Z=600.000) RuntimeGrid:None EditorOnly:false RuntimeOnly:false HLODRelevant:true ListedInSceneOutliner:true IsMainWorldOnly:false FolderPath:EnviromentBlocks/Tunnel FolderGuid:05901BB44D626FFFD12AA5A75E7D60F4
 |   |   |- Guid:7DBA938C04A13654A7AC5D2413F9EB86 NativeClass:/Script/Engine.PlayerStart Name:PlayerStart_0 Label:PlayerStart SpatiallyLoaded:false EditorBounds:IsValid=true, Min=(X=52.000 Y=2372.000 Z=12.000), Max=(X=420.000 Y=2628.000 Z=268.000) RuntimeBounds:IsValid=true, Min=(X=140.000 Y=2460.000 Z=48.000), Max=(X=220.000 Y=2540.000 Z=232.000) RuntimeGrid:None EditorOnly:false RuntimeOnly:false HLODRelevant:false ListedInSceneOutliner:true IsMainWorldOnly:false
 |   |   |- Guid:7F7A1FCCCD413B25BF1907B92305F48C NativeClass:/Script/Engine.DirectionalLight Name:DirectionalLight_1 Label:DirectionalLight SpatiallyLoaded:false EditorBounds:IsValid=false, Min=(X=0.000 Y=0.000 Z=0.000), Max=(X=0.000 Y=0.000 Z=0.000) RuntimeBounds:IsValid=false, Min=(X=0.000 Y=0.000 Z=0.000), Max=(X=0.000 Y=0.000 Z=0.000) RuntimeGrid:None EditorOnly:false RuntimeOnly:false HLODRelevant:false ListedInSceneOutliner:true IsMainWorldOnly:false FolderPath:Lighting FolderGuid:0BA5F0A04EADB18E70D5B180D08FA34B
 |   |   |- Guid:9FD8E47EB66C3C4D8FC20710376C9FC9 NativeClass:/Script/Engine.TextRenderActor Name:TextRenderActor_UAID_047C16B9CD14857302_1208686343 Label:TextRenderActor SpatiallyLoaded:true EditorBounds:IsValid=true, Min=(X=1922.000 Y=1973.000 Z=172.000), Max=(X=2415.385 Y=2229.000 Z=428.000) RuntimeBounds:IsValid=true, Min=(X=2050.000 Y=2101.000 Z=300.000), Max=(X=2415.385 Y=2101.000 Z=400.000) RuntimeGrid:None EditorOnly:false RuntimeOnly:false HLODRelevant:false ListedInSceneOutliner:true IsMainWorldOnly:false FolderPath:EnviromentBlocks/Tips FolderGuid:8E5876F84C4BBB49C8E6F7BB2FA1E77D
 |   |   |- Guid:A6848A69B1C83498875777CAA05BFCBD NativeClass:/Script/Engine.WorldDataLayers Name:WorldDataLayers Label:WorldDataLayers SpatiallyLoaded:false EditorBounds:IsValid=false, Min=(X=0.000 Y=0.000 Z=0.000), Max=(X=0.000 Y=0.000 Z=0.000) RuntimeBounds:IsValid=false, Min=(X=0.000 Y=0.000 Z=0.000), Max=(X=0.000 Y=0.000 Z=0.000) RuntimeGrid:None EditorOnly:false RuntimeOnly:false HLODRelevant:false ListedInSceneOutliner:true IsMainWorldOnly:true
 |   |   |- Guid:AEA9A3F944FA03193631E8B24D0BD493 NativeClass:/Script/Engine.StaticMeshActor Name:StaticMeshActor_UAID_047C16B9CD14E57402_1575456338 Label:SM_Cube8 SpatiallyLoaded:true EditorBounds:IsValid=true, Min=(X=3500.000 Y=3500.000 Z=-50.000), Max=(X=7000.000 Y=4500.000 Z=0.000) RuntimeBounds:IsValid=true, Min=(X=3500.000 Y=3500.000 Z=-50.000), Max=(X=7000.000 Y=4500.000 Z=0.000) RuntimeGrid:None EditorOnly:false RuntimeOnly:false HLODRelevant:true ListedInSceneOutliner:true IsMainWorldOnly:false FolderPath:EnviromentBlocks/Tunnel FolderGuid:05901BB44D626FFFD12AA5A75E7D60F4
 |   |   |- Guid:BCC789AC49FED86689EFB0B7D866049A NativeClass:/Script/Engine.StaticMeshActor Name:StaticMeshActor_UAID_047C16B9CD14E57402_1472334334 Label:SM_Cube4 SpatiallyLoaded:true EditorBounds:IsValid=true, Min=(X=0.000 Y=2000.000 Z=-50.000), Max=(X=3500.000 Y=3000.000 Z=0.000) RuntimeBounds:IsValid=true, Min=(X=0.000 Y=2000.000 Z=-50.000), Max=(X=3500.000 Y=3000.000 Z=0.000) RuntimeGrid:None EditorOnly:false RuntimeOnly:false HLODRelevant:true ListedInSceneOutliner:true IsMainWorldOnly:false FolderPath:EnviromentBlocks/Tunnel FolderGuid:05901BB44D626FFFD12AA5A75E7D60F4
 |   |   |- Guid:BCF562EF71F4352F98FBA54E8390D2D7 BaseClass:/Game/Misc/Vsync_Enabler_BP.Vsync_Enabler_BP_C NativeClass:/Script/Engine.Actor Name:Vsync_Enabler_BP_C_UAID_047C16B9CD14E46702_2058924393 Label:Vsync_Enabler_BP SpatiallyLoaded:true EditorBounds:IsValid=true, Min=(X=0.000 Y=0.000 Z=0.000), Max=(X=0.000 Y=0.000 Z=0.000) RuntimeBounds:IsValid=true, Min=(X=0.000 Y=0.000 Z=0.000), Max=(X=0.000 Y=0.000 Z=0.000) RuntimeGrid:None EditorOnly:false RuntimeOnly:false HLODRelevant:false ListedInSceneOutliner:true IsMainWorldOnly:false
 |   |   |- Guid:C60CC18B1AB13E2E84D10804D7E80C1F NativeClass:/Script/Engine.StaticMeshActor Name:StaticMeshActor_UAID_A4AE111137DC5EFB00_2001720423 Label:SM_SkySphere SpatiallyLoaded:false EditorBounds:IsValid=true, Min=(X=-1638400.000 Y=-1638400.000 Z=-1638400.000), Max=(X=1638400.000 Y=1638400.000 Z=1638400.000) RuntimeBounds:IsValid=true, Min=(X=-1638400.000 Y=-1638400.000 Z=-1638400.000), Max=(X=1638400.000 Y=1638400.000 Z=1638400.000) RuntimeGrid:None EditorOnly:false RuntimeOnly:false HLODRelevant:false ListedInSceneOutliner:true IsMainWorldOnly:false FolderPath:Lighting FolderGuid:0BA5F0A04EADB18E70D5B180D08FA34B
 |   |   |- Guid:C8D998FBCC0D3C678FAEE2965726AC23 NativeClass:/Script/Engine.StaticMeshActor Name:StaticMeshActor_9 Label:SM_Cube5 SpatiallyLoaded:true EditorBounds:IsValid=true, Min=(X=-0.000 Y=100.000 Z=0.000), Max=(X=100.000 Y=5100.000 Z=1200.000) RuntimeBounds:IsValid=true, Min=(X=-0.000 Y=100.000 Z=0.000), Max=(X=100.000 Y=5100.000 Z=1200.000) RuntimeGrid:None EditorOnly:false RuntimeOnly:false HLODRelevant:true ListedInSceneOutliner:true IsMainWorldOnly:false FolderPath:EnviromentBlocks/Tunnel FolderGuid:05901BB44D626FFFD12AA5A75E7D60F4
 |   |   |- Guid:CCE93E0193AD37FD8582C92300D5089F NativeClass:/Script/Engine.SkyLight Name:SkyLight_0 Label:SkyLight SpatiallyLoaded:false EditorBounds:IsValid=true, Min=(X=-1.000 Y=-1.000 Z=-1.000), Max=(X=1.000 Y=1.000 Z=690.000) RuntimeBounds:IsValid=true, Min=(X=0.000 Y=0.000 Z=690.000), Max=(X=0.000 Y=0.000 Z=690.000) RuntimeGrid:None EditorOnly:false RuntimeOnly:false HLODRelevant:false ListedInSceneOutliner:true IsMainWorldOnly:false FolderPath:Lighting FolderGuid:0BA5F0A04EADB18E70D5B180D08FA34B
 |   |   |- Guid:D5907B32D47031049753FFBDD3C099A6 NativeClass:/Script/Engine.StaticMeshActor Name:StaticMeshActor_0 Label:SM_Cube SpatiallyLoaded:true EditorBounds:IsValid=true, Min=(X=0.000 Y=2000.000 Z=-50.000), Max=(X=2500.000 Y=3000.000 Z=0.000) RuntimeBounds:IsValid=true, Min=(X=0.000 Y=2000.000 Z=-50.000), Max=(X=2500.000 Y=3000.000 Z=0.000) RuntimeGrid:None EditorOnly:false RuntimeOnly:false HLODRelevant:true ListedInSceneOutliner:true IsMainWorldOnly:false FolderPath:EnviromentBlocks/Tunnel FolderGuid:05901BB44D626FFFD12AA5A75E7D60F4
 |   |   |- Guid:D9B020364B3F0683585488B264ADD589 NativeClass:/Script/Engine.StaticMeshActor Name:StaticMeshActor_UAID_047C16B9CD14E57402_1597008339 Label:SM_Cube9 SpatiallyLoaded:true EditorBounds:IsValid=true, Min=(X=2400.000 Y=3000.000 Z=0.000), Max=(X=2500.000 Y=4500.000 Z=600.000) RuntimeBounds:IsValid=true, Min=(X=2400.000 Y=3000.000 Z=0.000), Max=(X=2500.000 Y=4500.000 Z=600.000) RuntimeGrid:None EditorOnly:false RuntimeOnly:false HLODRelevant:true ListedInSceneOutliner:true IsMainWorldOnly:false FolderPath:EnviromentBlocks/Tunnel FolderGuid:05901BB44D626FFFD12AA5A75E7D60F4
 |   |   |- Guid:DAD93E1A7D8C38BBBFBB586078508FB4 NativeClass:/Script/Engine.ExponentialHeightFog Name:ExponentialHeightFog_0 Label:ExponentialHeightFog SpatiallyLoaded:false EditorBounds:IsValid=true, Min=(X=-5728.000 Y=-178.000 Z=-6978.000), Max=(X=-5472.000 Y=78.000 Z=-6722.000) RuntimeBounds:IsValid=true, Min=(X=-5600.000 Y=-50.000 Z=-6850.000), Max=(X=-5600.000 Y=-50.000 Z=-6850.000) RuntimeGrid:None EditorOnly:false RuntimeOnly:false HLODRelevant:false ListedInSceneOutliner:true IsMainWorldOnly:false FolderPath:Lighting FolderGuid:0BA5F0A04EADB18E70D5B180D08FA34B
 |   |   |- Guid:DBF045894C743C0F071A409203AE0EF0 NativeClass:/Script/Engine.StaticMeshActor Name:StaticMeshActor_UAID_047C16B9CD14E57402_1616710340 Label:SM_Cube10 SpatiallyLoaded:true EditorBounds:IsValid=true, Min=(X=3400.000 Y=2100.000 Z=0.000), Max=(X=3500.000 Y=3600.000 Z=600.000) RuntimeBounds:IsValid=true, Min=(X=3400.000 Y=2100.000 Z=0.000), Max=(X=3500.000 Y=3600.000 Z=600.000) RuntimeGrid:None EditorOnly:false RuntimeOnly:false HLODRelevant:true ListedInSceneOutliner:true IsMainWorldOnly:false FolderPath:EnviromentBlocks/Tunnel FolderGuid:05901BB44D626FFFD12AA5A75E7D60F4
 |   |   |- Guid:E43627C892843181A0774EDD52687085 BaseClass:/Game/LevelPrototyping/Objects/Utilities/Change_level_trigger_BP.Change_level_trigger_BP_C NativeClass:/Script/Engine.Actor Name:Change_level_trigger_BP_C_UAID_047C16B9CD14E07402_1879285433 Label:Change_level_trigger_BP SpatiallyLoaded:true EditorBounds:IsValid=true, Min=(X=5743.600 Y=3925.000 Z=75.000), Max=(X=5756.400 Y=4075.000 Z=325.000) RuntimeBounds:IsValid=true, Min=(X=5743.600 Y=3925.000 Z=75.000), Max=(X=5756.400 Y=4075.000 Z=325.000) RuntimeGrid:None EditorOnly:false RuntimeOnly:false HLODRelevant:false ListedInSceneOutliner:true IsMainWorldOnly:false
 |   |   |- Guid:EF26B8D54BA9323D3887459334FDB168 NativeClass:/Script/Engine.StaticMeshActor Name:StaticMeshActor_UAID_047C16B9CD14E57402_1636175342 Label:SM_Cube12 SpatiallyLoaded:true EditorBounds:IsValid=true, Min=(X=2500.000 Y=4400.000 Z=0.000), Max=(X=6000.000 Y=4500.000 Z=600.000) RuntimeBounds:IsValid=true, Min=(X=2500.000 Y=4400.000 Z=0.000), Max=(X=6000.000 Y=4500.000 Z=600.000) RuntimeGrid:None EditorOnly:false RuntimeOnly:false HLODRelevant:true ListedInSceneOutliner:true IsMainWorldOnly:false FolderPath:EnviromentBlocks/Tunnel FolderGuid:05901BB44D626FFFD12AA5A75E7D60F4
 |   |- [+] Clusters:
 |   |   |- [+] [  0]
 |   |   |   |- Guid:0BF5BA9C4C3A38C7825F37AADCE14421 NativeClass:/Script/Engine.PointLight Name:PointLight_UAID_047C16B9CD143D7302_1611131678 Label:PointLight SpatiallyLoaded:true EditorBounds:IsValid=true, Min=(X=-610.000 Y=1700.000 Z=-690.000), Max=(X=990.000 Y=3300.000 Z=910.000) RuntimeBounds:IsValid=true, Min=(X=-610.000 Y=1700.000 Z=-690.000), Max=(X=990.000 Y=3300.000 Z=910.000) RuntimeGrid:None EditorOnly:false RuntimeOnly:false HLODRelevant:false ListedInSceneOutliner:true IsMainWorldOnly:false FolderPath:EnviromentBlocks/Tunnel FolderGuid:05901BB44D626FFFD12AA5A75E7D60F4
 |   |   |- [+] [  1]
 |   |   |   |- Guid:2E5B9335CE50352B976F171B36025D2A NativeClass:/Script/Engine.SkyAtmosphere Name:SkyAtmosphere_0 Label:SkyAtmosphere SpatiallyLoaded:false EditorBounds:IsValid=true, Min=(X=-128.000 Y=-128.000 Z=892.000), Max=(X=240.000 Y=128.000 Z=1148.000) RuntimeBounds:IsValid=true, Min=(X=0.000 Y=0.000 Z=1020.000), Max=(X=0.000 Y=0.000 Z=1020.000) RuntimeGrid:None EditorOnly:false RuntimeOnly:false HLODRelevant:false ListedInSceneOutliner:true IsMainWorldOnly:false FolderPath:Lighting FolderGuid:0BA5F0A04EADB18E70D5B180D08FA34B
 |   |   |- [+] [  2]
 |   |   |   |- Guid:2F089031548F340E839782095BA65942 NativeClass:/Script/Engine.VolumetricCloud Name:VolumetricCloud_0 Label:VolumetricCloud SpatiallyLoaded:false EditorBounds:IsValid=true, Min=(X=-128.000 Y=-128.000 Z=692.000), Max=(X=128.000 Y=128.000 Z=948.000) RuntimeBounds:IsValid=true, Min=(X=0.000 Y=0.000 Z=820.000), Max=(X=0.000 Y=0.000 Z=820.000) RuntimeGrid:None EditorOnly:false RuntimeOnly:false HLODRelevant:false ListedInSceneOutliner:true IsMainWorldOnly:false FolderPath:Lighting FolderGuid:0BA5F0A04EADB18E70D5B180D08FA34B
 |   |   |- [+] [  3]
 |   |   |   |- Guid:34D505E929CE34D3A6B922F0C91078D9 NativeClass:/Script/NavigationSystem.NavMeshBoundsVolume Name:NavMeshBoundsVolume_UAID_047C16B9CD14E17402_1414530612 Label:NavMeshBoundsVolume SpatiallyLoaded:false EditorBounds:IsValid=true, Min=(X=-45900.000 Y=-47500.000 Z=-8650.000), Max=(X=54100.000 Y=52500.000 Z=11350.000) RuntimeBounds:IsValid=true, Min=(X=-45900.000 Y=-47500.000 Z=-8650.000), Max=(X=54100.000 Y=52500.000 Z=11350.000) RuntimeGrid:None EditorOnly:false RuntimeOnly:false HLODRelevant:false ListedInSceneOutliner:true IsMainWorldOnly:false
 |   |   |- [+] [  4]
 |   |   |   |- Guid:3CB2821183FC38208888FE17E26CFA64 NativeClass:/Script/Engine.StaticMeshActor Name:StaticMeshActor_4 Label:SM_Cube3 SpatiallyLoaded:true EditorBounds:IsValid=true, Min=(X=0.000 Y=2900.000 Z=0.000), Max=(X=2500.000 Y=3000.000 Z=600.000) RuntimeBounds:IsValid=true, Min=(X=0.000 Y=2900.000 Z=0.000), Max=(X=2500.000 Y=3000.000 Z=600.000) RuntimeGrid:None EditorOnly:false RuntimeOnly:false HLODRelevant:true ListedInSceneOutliner:true IsMainWorldOnly:false FolderPath:EnviromentBlocks/Tunnel FolderGuid:05901BB44D626FFFD12AA5A75E7D60F4
 |   |   |- [+] [  5]
 |   |   |   |- Guid:46B97FF8331F3518BB89C1B3169334CD NativeClass:/Script/Engine.PostProcessVolume Name:PostProcessVolume_0 Label:PostProcessVolume SpatiallyLoaded:false EditorBounds:IsValid=true, Min=(X=0.000 Y=0.000 Z=400.000), Max=(X=200.000 Y=200.000 Z=600.000) RuntimeBounds:IsValid=true, Min=(X=0.000 Y=0.000 Z=400.000), Max=(X=200.000 Y=200.000 Z=600.000) RuntimeGrid:None EditorOnly:false RuntimeOnly:false HLODRelevant:false ListedInSceneOutliner:true IsMainWorldOnly:false FolderPath:Lighting FolderGuid:0BA5F0A04EADB18E70D5B180D08FA34B
 |   |   |- [+] [  6]
 |   |   |   |- Guid:4E455F6FCE713BE7BF0C4F03D492C41D NativeClass:/Script/NavigationSystem.RecastNavMesh Name:RecastNavMesh_UAID_047C16B9CD14E17402-Default Label:RecastNavMesh-Default SpatiallyLoaded:false EditorBounds:IsValid=true, Min=(X=0.000 Y=0.000 Z=0.000), Max=(X=0.000 Y=0.000 Z=0.000) RuntimeBounds:IsValid=true, Min=(X=0.000 Y=0.000 Z=0.000), Max=(X=0.000 Y=0.000 Z=0.000) RuntimeGrid:None EditorOnly:false RuntimeOnly:false HLODRelevant:false ListedInSceneOutliner:true IsMainWorldOnly:false
 |   |   |- [+] [  7]
 |   |   |   |- Guid:5352DC0F4782DCAE2662159B270DD28D NativeClass:/Script/Engine.StaticMeshActor Name:StaticMeshActor_UAID_047C16B9CD14E57402_1549952337 Label:SM_Cube7 SpatiallyLoaded:true EditorBounds:IsValid=true, Min=(X=2500.000 Y=3000.000 Z=-50.000), Max=(X=3500.000 Y=4500.000 Z=0.000) RuntimeBounds:IsValid=true, Min=(X=2500.000 Y=3000.000 Z=-50.000), Max=(X=3500.000 Y=4500.000 Z=0.000) RuntimeGrid:None EditorOnly:false RuntimeOnly:false HLODRelevant:true ListedInSceneOutliner:true IsMainWorldOnly:false FolderPath:EnviromentBlocks/Tunnel FolderGuid:05901BB44D626FFFD12AA5A75E7D60F4
 |   |   |- [+] [  8]
 |   |   |   |- Guid:62331303465D9A2749EE2792C23A98DC NativeClass:/Script/Engine.TextRenderActor Name:TextRenderActor_UAID_047C16B9CD14E57402_1380871333 Label:TextRenderActor2 SpatiallyLoaded:true EditorBounds:IsValid=true, Min=(X=3271.000 Y=2122.000 Z=122.000), Max=(X=3527.000 Y=2711.538 Z=450.000) RuntimeBounds:IsValid=true, Min=(X=3399.000 Y=2250.000 Z=250.000), Max=(X=3399.000 Y=2711.538 Z=450.000) RuntimeGrid:None EditorOnly:false RuntimeOnly:false HLODRelevant:false ListedInSceneOutliner:true IsMainWorldOnly:false FolderPath:EnviromentBlocks/Tips FolderGuid:8E5876F84C4BBB49C8E6F7BB2FA1E77D
 |   |   |- [+] [  9]
 |   |   |   |- Guid:670E76841F5D30EC927B563DD5980390 NativeClass:/Script/Engine.StaticMeshActor Name:StaticMeshActor_UAID_047C16B9CD14E17402_2119089626 Label:SM_Cube6 SpatiallyLoaded:true EditorBounds:IsValid=true, Min=(X=6000.000 Y=3500.000 Z=0.000), Max=(X=6100.000 Y=4500.000 Z=600.000) RuntimeBounds:IsValid=true, Min=(X=6000.000 Y=3500.000 Z=0.000), Max=(X=6100.000 Y=4500.000 Z=600.000) RuntimeGrid:None EditorOnly:false RuntimeOnly:false HLODRelevant:true ListedInSceneOutliner:true IsMainWorldOnly:false FolderPath:EnviromentBlocks/Tunnel FolderGuid:05901BB44D626FFFD12AA5A75E7D60F4
 |   |   |- [+] [ 10]
 |   |   |   |- Guid:6E51132B490D329CC12E8BB7C5997C6A NativeClass:/Script/Engine.StaticMeshActor Name:StaticMeshActor_UAID_047C16B9CD14E57402_1625867341 Label:SM_Cube11 SpatiallyLoaded:true EditorBounds:IsValid=true, Min=(X=3500.000 Y=3500.000 Z=0.000), Max=(X=7000.000 Y=3600.000 Z=600.000) RuntimeBounds:IsValid=true, Min=(X=3500.000 Y=3500.000 Z=0.000), Max=(X=7000.000 Y=3600.000 Z=600.000) RuntimeGrid:None EditorOnly:false RuntimeOnly:false HLODRelevant:true ListedInSceneOutliner:true IsMainWorldOnly:false FolderPath:EnviromentBlocks/Tunnel FolderGuid:05901BB44D626FFFD12AA5A75E7D60F4
 |   |   |- [+] [ 11]
 |   |   |   |- Guid:732998F09E463BF09EE4D305EE3F9422 NativeClass:/Script/Engine.StaticMeshActor Name:StaticMeshActor_3 Label:SM_Cube2 SpatiallyLoaded:true EditorBounds:IsValid=true, Min=(X=0.000 Y=2000.000 Z=0.000), Max=(X=3500.000 Y=2100.000 Z=600.000) RuntimeBounds:IsValid=true, Min=(X=0.000 Y=2000.000 Z=0.000), Max=(X=3500.000 Y=2100.000 Z=600.000) RuntimeGrid:None EditorOnly:false RuntimeOnly:false HLODRelevant:true ListedInSceneOutliner:true IsMainWorldOnly:false FolderPath:EnviromentBlocks/Tunnel FolderGuid:05901BB44D626FFFD12AA5A75E7D60F4
 |   |   |- [+] [ 12]
 |   |   |   |- Guid:7DBA938C04A13654A7AC5D2413F9EB86 NativeClass:/Script/Engine.PlayerStart Name:PlayerStart_0 Label:PlayerStart SpatiallyLoaded:false EditorBounds:IsValid=true, Min=(X=52.000 Y=2372.000 Z=12.000), Max=(X=420.000 Y=2628.000 Z=268.000) RuntimeBounds:IsValid=true, Min=(X=140.000 Y=2460.000 Z=48.000), Max=(X=220.000 Y=2540.000 Z=232.000) RuntimeGrid:None EditorOnly:false RuntimeOnly:false HLODRelevant:false ListedInSceneOutliner:true IsMainWorldOnly:false
 |   |   |- [+] [ 13]
 |   |   |   |- Guid:7F7A1FCCCD413B25BF1907B92305F48C NativeClass:/Script/Engine.DirectionalLight Name:DirectionalLight_1 Label:DirectionalLight SpatiallyLoaded:false EditorBounds:IsValid=false, Min=(X=0.000 Y=0.000 Z=0.000), Max=(X=0.000 Y=0.000 Z=0.000) RuntimeBounds:IsValid=false, Min=(X=0.000 Y=0.000 Z=0.000), Max=(X=0.000 Y=0.000 Z=0.000) RuntimeGrid:None EditorOnly:false RuntimeOnly:false HLODRelevant:false ListedInSceneOutliner:true IsMainWorldOnly:false FolderPath:Lighting FolderGuid:0BA5F0A04EADB18E70D5B180D08FA34B
 |   |   |- [+] [ 14]
 |   |   |   |- Guid:9FD8E47EB66C3C4D8FC20710376C9FC9 NativeClass:/Script/Engine.TextRenderActor Name:TextRenderActor_UAID_047C16B9CD14857302_1208686343 Label:TextRenderActor SpatiallyLoaded:true EditorBounds:IsValid=true, Min=(X=1922.000 Y=1973.000 Z=172.000), Max=(X=2415.385 Y=2229.000 Z=428.000) RuntimeBounds:IsValid=true, Min=(X=2050.000 Y=2101.000 Z=300.000), Max=(X=2415.385 Y=2101.000 Z=400.000) RuntimeGrid:None EditorOnly:false RuntimeOnly:false HLODRelevant:false ListedInSceneOutliner:true IsMainWorldOnly:false FolderPath:EnviromentBlocks/Tips FolderGuid:8E5876F84C4BBB49C8E6F7BB2FA1E77D
 |   |   |- [+] [ 15]
 |   |   |   |- Guid:A6848A69B1C83498875777CAA05BFCBD NativeClass:/Script/Engine.WorldDataLayers Name:WorldDataLayers Label:WorldDataLayers SpatiallyLoaded:false EditorBounds:IsValid=false, Min=(X=0.000 Y=0.000 Z=0.000), Max=(X=0.000 Y=0.000 Z=0.000) RuntimeBounds:IsValid=false, Min=(X=0.000 Y=0.000 Z=0.000), Max=(X=0.000 Y=0.000 Z=0.000) RuntimeGrid:None EditorOnly:false RuntimeOnly:false HLODRelevant:false ListedInSceneOutliner:true IsMainWorldOnly:true
 |   |   |- [+] [ 16]
 |   |   |   |- Guid:AEA9A3F944FA03193631E8B24D0BD493 NativeClass:/Script/Engine.StaticMeshActor Name:StaticMeshActor_UAID_047C16B9CD14E57402_1575456338 Label:SM_Cube8 SpatiallyLoaded:true EditorBounds:IsValid=true, Min=(X=3500.000 Y=3500.000 Z=-50.000), Max=(X=7000.000 Y=4500.000 Z=0.000) RuntimeBounds:IsValid=true, Min=(X=3500.000 Y=3500.000 Z=-50.000), Max=(X=7000.000 Y=4500.000 Z=0.000) RuntimeGrid:None EditorOnly:false RuntimeOnly:false HLODRelevant:true ListedInSceneOutliner:true IsMainWorldOnly:false FolderPath:EnviromentBlocks/Tunnel FolderGuid:05901BB44D626FFFD12AA5A75E7D60F4
 |   |   |- [+] [ 17]
 |   |   |   |- Guid:BCC789AC49FED86689EFB0B7D866049A NativeClass:/Script/Engine.StaticMeshActor Name:StaticMeshActor_UAID_047C16B9CD14E57402_1472334334 Label:SM_Cube4 SpatiallyLoaded:true EditorBounds:IsValid=true, Min=(X=0.000 Y=2000.000 Z=-50.000), Max=(X=3500.000 Y=3000.000 Z=0.000) RuntimeBounds:IsValid=true, Min=(X=0.000 Y=2000.000 Z=-50.000), Max=(X=3500.000 Y=3000.000 Z=0.000) RuntimeGrid:None EditorOnly:false RuntimeOnly:false HLODRelevant:true ListedInSceneOutliner:true IsMainWorldOnly:false FolderPath:EnviromentBlocks/Tunnel FolderGuid:05901BB44D626FFFD12AA5A75E7D60F4
 |   |   |- [+] [ 18]
 |   |   |   |- Guid:BCF562EF71F4352F98FBA54E8390D2D7 BaseClass:/Game/Misc/Vsync_Enabler_BP.Vsync_Enabler_BP_C NativeClass:/Script/Engine.Actor Name:Vsync_Enabler_BP_C_UAID_047C16B9CD14E46702_2058924393 Label:Vsync_Enabler_BP SpatiallyLoaded:true EditorBounds:IsValid=true, Min=(X=0.000 Y=0.000 Z=0.000), Max=(X=0.000 Y=0.000 Z=0.000) RuntimeBounds:IsValid=true, Min=(X=0.000 Y=0.000 Z=0.000), Max=(X=0.000 Y=0.000 Z=0.000) RuntimeGrid:None EditorOnly:false RuntimeOnly:false HLODRelevant:false ListedInSceneOutliner:true IsMainWorldOnly:false
 |   |   |- [+] [ 19]
 |   |   |   |- Guid:C60CC18B1AB13E2E84D10804D7E80C1F NativeClass:/Script/Engine.StaticMeshActor Name:StaticMeshActor_UAID_A4AE111137DC5EFB00_2001720423 Label:SM_SkySphere SpatiallyLoaded:false EditorBounds:IsValid=true, Min=(X=-1638400.000 Y=-1638400.000 Z=-1638400.000), Max=(X=1638400.000 Y=1638400.000 Z=1638400.000) RuntimeBounds:IsValid=true, Min=(X=-1638400.000 Y=-1638400.000 Z=-1638400.000), Max=(X=1638400.000 Y=1638400.000 Z=1638400.000) RuntimeGrid:None EditorOnly:false RuntimeOnly:false HLODRelevant:false ListedInSceneOutliner:true IsMainWorldOnly:false FolderPath:Lighting FolderGuid:0BA5F0A04EADB18E70D5B180D08FA34B
 |   |   |- [+] [ 20]
 |   |   |   |- Guid:C8D998FBCC0D3C678FAEE2965726AC23 NativeClass:/Script/Engine.StaticMeshActor Name:StaticMeshActor_9 Label:SM_Cube5 SpatiallyLoaded:true EditorBounds:IsValid=true, Min=(X=-0.000 Y=100.000 Z=0.000), Max=(X=100.000 Y=5100.000 Z=1200.000) RuntimeBounds:IsValid=true, Min=(X=-0.000 Y=100.000 Z=0.000), Max=(X=100.000 Y=5100.000 Z=1200.000) RuntimeGrid:None EditorOnly:false RuntimeOnly:false HLODRelevant:true ListedInSceneOutliner:true IsMainWorldOnly:false FolderPath:EnviromentBlocks/Tunnel FolderGuid:05901BB44D626FFFD12AA5A75E7D60F4
 |   |   |- [+] [ 21]
 |   |   |   |- Guid:CCE93E0193AD37FD8582C92300D5089F NativeClass:/Script/Engine.SkyLight Name:SkyLight_0 Label:SkyLight SpatiallyLoaded:false EditorBounds:IsValid=true, Min=(X=-1.000 Y=-1.000 Z=-1.000), Max=(X=1.000 Y=1.000 Z=690.000) RuntimeBounds:IsValid=true, Min=(X=0.000 Y=0.000 Z=690.000), Max=(X=0.000 Y=0.000 Z=690.000) RuntimeGrid:None EditorOnly:false RuntimeOnly:false HLODRelevant:false ListedInSceneOutliner:true IsMainWorldOnly:false FolderPath:Lighting FolderGuid:0BA5F0A04EADB18E70D5B180D08FA34B
 |   |   |- [+] [ 22]
 |   |   |   |- Guid:D5907B32D47031049753FFBDD3C099A6 NativeClass:/Script/Engine.StaticMeshActor Name:StaticMeshActor_0 Label:SM_Cube SpatiallyLoaded:true EditorBounds:IsValid=true, Min=(X=0.000 Y=2000.000 Z=-50.000), Max=(X=2500.000 Y=3000.000 Z=0.000) RuntimeBounds:IsValid=true, Min=(X=0.000 Y=2000.000 Z=-50.000), Max=(X=2500.000 Y=3000.000 Z=0.000) RuntimeGrid:None EditorOnly:false RuntimeOnly:false HLODRelevant:true ListedInSceneOutliner:true IsMainWorldOnly:false FolderPath:EnviromentBlocks/Tunnel FolderGuid:05901BB44D626FFFD12AA5A75E7D60F4
 |   |   |- [+] [ 23]
 |   |   |   |- Guid:D9B020364B3F0683585488B264ADD589 NativeClass:/Script/Engine.StaticMeshActor Name:StaticMeshActor_UAID_047C16B9CD14E57402_1597008339 Label:SM_Cube9 SpatiallyLoaded:true EditorBounds:IsValid=true, Min=(X=2400.000 Y=3000.000 Z=0.000), Max=(X=2500.000 Y=4500.000 Z=600.000) RuntimeBounds:IsValid=true, Min=(X=2400.000 Y=3000.000 Z=0.000), Max=(X=2500.000 Y=4500.000 Z=600.000) RuntimeGrid:None EditorOnly:false RuntimeOnly:false HLODRelevant:true ListedInSceneOutliner:true IsMainWorldOnly:false FolderPath:EnviromentBlocks/Tunnel FolderGuid:05901BB44D626FFFD12AA5A75E7D60F4
 |   |   |- [+] [ 24]
 |   |   |   |- Guid:DAD93E1A7D8C38BBBFBB586078508FB4 NativeClass:/Script/Engine.ExponentialHeightFog Name:ExponentialHeightFog_0 Label:ExponentialHeightFog SpatiallyLoaded:false EditorBounds:IsValid=true, Min=(X=-5728.000 Y=-178.000 Z=-6978.000), Max=(X=-5472.000 Y=78.000 Z=-6722.000) RuntimeBounds:IsValid=true, Min=(X=-5600.000 Y=-50.000 Z=-6850.000), Max=(X=-5600.000 Y=-50.000 Z=-6850.000) RuntimeGrid:None EditorOnly:false RuntimeOnly:false HLODRelevant:false ListedInSceneOutliner:true IsMainWorldOnly:false FolderPath:Lighting FolderGuid:0BA5F0A04EADB18E70D5B180D08FA34B
 |   |   |- [+] [ 25]
 |   |   |   |- Guid:DBF045894C743C0F071A409203AE0EF0 NativeClass:/Script/Engine.StaticMeshActor Name:StaticMeshActor_UAID_047C16B9CD14E57402_1616710340 Label:SM_Cube10 SpatiallyLoaded:true EditorBounds:IsValid=true, Min=(X=3400.000 Y=2100.000 Z=0.000), Max=(X=3500.000 Y=3600.000 Z=600.000) RuntimeBounds:IsValid=true, Min=(X=3400.000 Y=2100.000 Z=0.000), Max=(X=3500.000 Y=3600.000 Z=600.000) RuntimeGrid:None EditorOnly:false RuntimeOnly:false HLODRelevant:true ListedInSceneOutliner:true IsMainWorldOnly:false FolderPath:EnviromentBlocks/Tunnel FolderGuid:05901BB44D626FFFD12AA5A75E7D60F4
 |   |   |- [+] [ 26]
 |   |   |   |- Guid:E43627C892843181A0774EDD52687085 BaseClass:/Game/LevelPrototyping/Objects/Utilities/Change_level_trigger_BP.Change_level_trigger_BP_C NativeClass:/Script/Engine.Actor Name:Change_level_trigger_BP_C_UAID_047C16B9CD14E07402_1879285433 Label:Change_level_trigger_BP SpatiallyLoaded:true EditorBounds:IsValid=true, Min=(X=5743.600 Y=3925.000 Z=75.000), Max=(X=5756.400 Y=4075.000 Z=325.000) RuntimeBounds:IsValid=true, Min=(X=5743.600 Y=3925.000 Z=75.000), Max=(X=5756.400 Y=4075.000 Z=325.000) RuntimeGrid:None EditorOnly:false RuntimeOnly:false HLODRelevant:false ListedInSceneOutliner:true IsMainWorldOnly:false
 |   |   |- [+] [ 27]
 |   |   |   |- Guid:EF26B8D54BA9323D3887459334FDB168 NativeClass:/Script/Engine.StaticMeshActor Name:StaticMeshActor_UAID_047C16B9CD14E57402_1636175342 Label:SM_Cube12 SpatiallyLoaded:true EditorBounds:IsValid=true, Min=(X=2500.000 Y=4400.000 Z=0.000), Max=(X=6000.000 Y=4500.000 Z=600.000) RuntimeBounds:IsValid=true, Min=(X=2500.000 Y=4400.000 Z=0.000), Max=(X=6000.000 Y=4500.000 Z=600.000) RuntimeGrid:None EditorOnly:false RuntimeOnly:false HLODRelevant:true ListedInSceneOutliner:true IsMainWorldOnly:false FolderPath:EnviromentBlocks/Tunnel FolderGuid:05901BB44D626FFFD12AA5A75E7D60F4
 |- ContainerInstances:
 |- [+] MainContainer:
 |   |-        ID: 00000000000000000000000000000000
 |   |-  ParentID: 00000000000000000000000000000000
 |   |-    Bounds: IsValid=false, Min=(X=0.000 Y=0.000 Z=0.000), Max=(X=0.000 Y=0.000 Z=0.000)
 |   |- Transform: 0.000000,0.000000,0.000000|0.000000,0.000000,-0.000000|1.000000,1.000000,1.000000
 |   |- Container: /Game/Maps/Levels/Level_2
----------------------------------------------------------------------------------------------------------------
Level_2 - Persistent Level
----------------------------------------------------------------------------------------------------------------
[+] Content of Level_2 Persistent Level
 |- Always loaded Actor Count: 28 
 |- Actor Path: /Game/Maps/Levels/Level_2.Level_2:PersistentLevel.Change_level_trigger_BP_C_UAID_047C16B9CD14E07402_1879285433
 |- Actor Package: /Game/__ExternalActors__/Maps/Levels/Level_2/3/1O/Z20NC7OAVSEG3EIZLYVLZP
 |- Actor Path: /Game/Maps/Levels/Level_2.Level_2:PersistentLevel.DirectionalLight_1
 |- Actor Package: /Game/__ExternalActors__/Maps/Levels/Level_2/2/ZJ/UV0KBD0XBJ627FU47CGA2Y
 |- Actor Path: /Game/Maps/Levels/Level_2.Level_2:PersistentLevel.ExponentialHeightFog_0
 |- Actor Package: /Game/__ExternalActors__/Maps/Levels/Level_2/B/HP/IKAIKUN6NOC8CJTNL91M9O
 |- Actor Path: /Game/Maps/Levels/Level_2.Level_2:PersistentLevel.NavMeshBoundsVolume_UAID_047C16B9CD14E17402_1414530612
 |- Actor Package: /Game/__ExternalActors__/Maps/Levels/Level_2/1/H1/0MP2NSH56Z12WJRY92BL38
 |- Actor Path: /Game/Maps/Levels/Level_2.Level_2:PersistentLevel.PlayerStart_0
 |- Actor Package: /Game/__ExternalActors__/Maps/Levels/Level_2/8/07/L1MC9LOYZG244NSOXAWXIA
 |- Actor Path: /Game/Maps/Levels/Level_2.Level_2:PersistentLevel.PointLight_UAID_047C16B9CD143D7302_1611131678
 |- Actor Package: /Game/__ExternalActors__/Maps/Levels/Level_2/C/D8/NV4YD6PTKFRUGU7221CRPO
 |- Actor Path: /Game/Maps/Levels/Level_2.Level_2:PersistentLevel.PostProcessVolume_0
 |- Actor Package: /Game/__ExternalActors__/Maps/Levels/Level_2/0/1E/NMGI6G1FX0OCZO227P4FVS
 |- Actor Path: /Game/Maps/Levels/Level_2.Level_2:PersistentLevel.RecastNavMesh_UAID_047C16B9CD14E17402-Default
 |- Actor Package: /Game/__ExternalActors__/Maps/Levels/Level_2/A/E6/WVQI1VYOKC3BGY1ZXCTYJ2
 |- Actor Path: /Game/Maps/Levels/Level_2.Level_2:PersistentLevel.SkyAtmosphere_0
 |- Actor Package: /Game/__ExternalActors__/Maps/Levels/Level_2/2/TP/OB935IQH8IK7X1EV8XNIUE
 |- Actor Path: /Game/Maps/Levels/Level_2.Level_2:PersistentLevel.SkyLight_0
 |- Actor Package: /Game/__ExternalActors__/Maps/Levels/Level_2/B/D2/T41L1H5Q8VVYF2H6UELHQM
 |- Actor Path: /Game/Maps/Levels/Level_2.Level_2:PersistentLevel.StaticMeshActor_0
 |- Actor Package: /Game/__ExternalActors__/Maps/Levels/Level_2/9/G9/WW4D4T66ZNXEVH3Z9PW2YL
 |- Actor Path: /Game/Maps/Levels/Level_2.Level_2:PersistentLevel.StaticMeshActor_3
 |- Actor Package: /Game/__ExternalActors__/Maps/Levels/Level_2/0/1O/MB6IAXOTMJON7QINI43WB5
 |- Actor Path: /Game/Maps/Levels/Level_2.Level_2:PersistentLevel.StaticMeshActor_4
 |- Actor Package: /Game/__ExternalActors__/Maps/Levels/Level_2/3/YF/RNL6UQMHLWEICPEXTCZ4V2
 |- Actor Path: /Game/Maps/Levels/Level_2.Level_2:PersistentLevel.StaticMeshActor_9
 |- Actor Package: /Game/__ExternalActors__/Maps/Levels/Level_2/7/FD/MH1JQ9XY9XQM5WT9MSEAZY
 |- Actor Path: /Game/Maps/Levels/Level_2.Level_2:PersistentLevel.StaticMeshActor_UAID_047C16B9CD14E17402_2119089626
 |- Actor Package: /Game/__ExternalActors__/Maps/Levels/Level_2/4/YM/2M9JYV45VJKXAW2GZWTG7P
 |- Actor Path: /Game/Maps/Levels/Level_2.Level_2:PersistentLevel.StaticMeshActor_UAID_047C16B9CD14E57402_1472334334
 |- Actor Package: /Game/__ExternalActors__/Maps/Levels/Level_2/D/42/NMWY44VO6EXERRUA1RJ4UO
 |- Actor Path: /Game/Maps/Levels/Level_2.Level_2:PersistentLevel.StaticMeshActor_UAID_047C16B9CD14E57402_1549952337
 |- Actor Package: /Game/__ExternalActors__/Maps/Levels/Level_2/7/NW/RUD2AGIDH8YSYNN5JEW72A
 |- Actor Path: /Game/Maps/Levels/Level_2.Level_2:PersistentLevel.StaticMeshActor_UAID_047C16B9CD14E57402_1575456338
 |- Actor Package: /Game/__ExternalActors__/Maps/Levels/Level_2/0/B2/SIZX48C53C4A3KZP5MM4UT
 |- Actor Path: /Game/Maps/Levels/Level_2.Level_2:PersistentLevel.StaticMeshActor_UAID_047C16B9CD14E57402_1597008339
 |- Actor Package: /Game/__ExternalActors__/Maps/Levels/Level_2/5/PL/M8RYAWT7XBGG3C4ONJXMKS
 |- Actor Path: /Game/Maps/Levels/Level_2.Level_2:PersistentLevel.StaticMeshActor_UAID_047C16B9CD14E57402_1616710340
 |- Actor Package: /Game/__ExternalActors__/Maps/Levels/Level_2/3/QX/DXN6ZKZAHKYS3ZO7HRQBLF
 |- Actor Path: /Game/Maps/Levels/Level_2.Level_2:PersistentLevel.StaticMeshActor_UAID_047C16B9CD14E57402_1625867341
 |- Actor Package: /Game/__ExternalActors__/Maps/Levels/Level_2/D/YD/Z0ZZ267D8Y667DHFCLDULR
 |- Actor Path: /Game/Maps/Levels/Level_2.Level_2:PersistentLevel.StaticMeshActor_UAID_047C16B9CD14E57402_1636175342
 |- Actor Package: /Game/__ExternalActors__/Maps/Levels/Level_2/4/7A/N5CI0VP67TH4BZGMYDTY6P
 |- Actor Path: /Game/Maps/Levels/Level_2.Level_2:PersistentLevel.StaticMeshActor_UAID_A4AE111137DC5EFB00_2001720423
 |- Actor Package: /Game/__ExternalActors__/Maps/Levels/Level_2/5/NS/3JVQ8BKD4MIZJPY8URWQRR
 |- Actor Path: /Game/Maps/Levels/Level_2.Level_2:PersistentLevel.TextRenderActor_UAID_047C16B9CD14857302_1208686343
 |- Actor Package: /Game/__ExternalActors__/Maps/Levels/Level_2/D/QW/EE4BN1AKDAWOX5M11PYKN7
 |- Actor Path: /Game/Maps/Levels/Level_2.Level_2:PersistentLevel.TextRenderActor_UAID_047C16B9CD14E57402_1380871333
 |- Actor Package: /Game/__ExternalActors__/Maps/Levels/Level_2/1/2E/PK9F0J96NNO5OLJTWMJ151
 |- Actor Path: /Game/Maps/Levels/Level_2.Level_2:PersistentLevel.VolumetricCloud_0
 |- Actor Package: /Game/__ExternalActors__/Maps/Levels/Level_2/A/Y0/9DFT9FB9NKRJ1QBWSY797M
 |- Actor Path: /Game/Maps/Levels/Level_2.Level_2:PersistentLevel.Vsync_Enabler_BP_C_UAID_047C16B9CD14E46702_2058924393
 |- Actor Package: /Game/__ExternalActors__/Maps/Levels/Level_2/2/S3/OMKO4OY123MDUGX93CE6PW
 |- Actor Path: /Game/Maps/Levels/Level_2.Level_2:PersistentLevel.WorldDataLayers
 |- Actor Package: /Game/__ExternalActors__/Maps/Levels/Level_2/1/NI/DATQ0CH1P2IBWLBDJEVOAK

----------------------------------------------------------------------------------------------------------------
Level_2 - Runtime Hash Set
----------------------------------------------------------------------------------------------------------------

