[+] Containers:
 |- [+] Container: /Game/Maps/Sandbox/FirstPersonMap
 |   |- [+] ActorDescs:
 |   |   |- Guid:04E056A32C5C31A29234FEF21EC7CFB5 NativeClass:/Script/Engine.StaticMeshActor Name:StaticMeshActor_10 Label:SM_Cube6 SpatiallyLoaded:true EditorBounds:IsValid=true, Min=(X=9900.000 Y=100.000 Z=0.000), Max=(X=10000.000 Y=7100.000 Z=1200.000) RuntimeBounds:IsValid=true, Min=(X=9900.000 Y=100.000 Z=0.000), Max=(X=10000.000 Y=7100.000 Z=1200.000) RuntimeGrid:None EditorOnly:false RuntimeOnly:false HLODRelevant:true ListedInSceneOutliner:true IsMainWorldOnly:false FolderPath:Walls FolderGuid:6C02BB504B69D1F3D7A624B130C18E5B
 |   |   |- Guid:2052F1C84EDB02C8CFA828994EB5D957 BaseClass:/Game/LevelPrototyping/Objects/Utilities/Change_level_trigger_BP.Change_level_trigger_BP_C NativeClass:/Script/Engine.Actor Name:Change_level_trigger_BP_C_UAID_047C16B9CD142F6F02_2114376014 Label:Change_level_trigger_BP SpatiallyLoaded:true EditorBounds:IsValid=true, Min=(X=6105.000 Y=4003.600 Z=5.000), Max=(X=6255.000 Y=4016.400 Z=255.000) RuntimeBounds:IsValid=true, Min=(X=6105.000 Y=4003.600 Z=5.000), Max=(X=6255.000 Y=4016.400 Z=255.000) RuntimeGrid:None EditorOnly:false RuntimeOnly:false HLODRelevant:false ListedInSceneOutliner:true IsMainWorldOnly:false
 |   |   |- Guid:70126CD164C33BF9A68B90EECD7A06CA NativeClass:/Script/Engine.PlayerStart Name:PlayerStart_0 Label:PlayerStart SpatiallyLoaded:false EditorBounds:IsValid=true, Min=(X=5122.000 Y=1132.000 Z=34.013), Max=(X=5490.000 Y=1388.000 Z=290.013) RuntimeBounds:IsValid=true, Min=(X=5210.000 Y=1220.000 Z=70.013), Max=(X=5290.000 Y=1300.000 Z=254.013) RuntimeGrid:None EditorOnly:false RuntimeOnly:false HLODRelevant:false ListedInSceneOutliner:true IsMainWorldOnly:false
 |   |   |- Guid:7C04A4DCE17737B8B44501E95EA98593 NativeClass:/Script/Engine.StaticMeshActor Name:StaticMeshActor_3 Label:SM_Cube2 SpatiallyLoaded:true EditorBounds:IsValid=true, Min=(X=0.000 Y=0.000 Z=0.000), Max=(X=10000.000 Y=100.000 Z=1200.000) RuntimeBounds:IsValid=true, Min=(X=0.000 Y=0.000 Z=0.000), Max=(X=10000.000 Y=100.000 Z=1200.000) RuntimeGrid:None EditorOnly:false RuntimeOnly:false HLODRelevant:true ListedInSceneOutliner:true IsMainWorldOnly:false FolderPath:Walls FolderGuid:6C02BB504B69D1F3D7A624B130C18E5B
 |   |   |- Guid:7E50752BA4453B22BFACB36BDB049644 NativeClass:/Script/NavigationSystem.RecastNavMesh Name:RecastNavMesh_UAID_047C16B9CD14265502-Default Label:RecastNavMesh-Default SpatiallyLoaded:false EditorBounds:IsValid=true, Min=(X=0.000 Y=0.000 Z=0.000), Max=(X=0.000 Y=0.000 Z=0.000) RuntimeBounds:IsValid=true, Min=(X=0.000 Y=0.000 Z=0.000), Max=(X=0.000 Y=0.000 Z=0.000) RuntimeGrid:None EditorOnly:false RuntimeOnly:false HLODRelevant:false ListedInSceneOutliner:true IsMainWorldOnly:false
 |   |   |- Guid:852E66B33B283D599203395E52D27A5B NativeClass:/Script/Engine.StaticMeshActor Name:StaticMeshActor_0 Label:SM_Cube SpatiallyLoaded:true EditorBounds:IsValid=true, Min=(X=0.000 Y=0.000 Z=-50.000), Max=(X=10000.000 Y=7000.000 Z=0.000) RuntimeBounds:IsValid=true, Min=(X=0.000 Y=0.000 Z=-50.000), Max=(X=10000.000 Y=7000.000 Z=0.000) RuntimeGrid:None EditorOnly:false RuntimeOnly:false HLODRelevant:true ListedInSceneOutliner:true IsMainWorldOnly:false FolderPath:Walls FolderGuid:6C02BB504B69D1F3D7A624B130C18E5B
 |   |   |- Guid:94CEED9A81013482AF36ECBDA045D3B3 NativeClass:/Script/Engine.StaticMeshActor Name:StaticMeshActor_4 Label:SM_Cube3 SpatiallyLoaded:true EditorBounds:IsValid=true, Min=(X=0.000 Y=7000.000 Z=0.000), Max=(X=10000.000 Y=7100.000 Z=1200.000) RuntimeBounds:IsValid=true, Min=(X=0.000 Y=7000.000 Z=0.000), Max=(X=10000.000 Y=7100.000 Z=1200.000) RuntimeGrid:None EditorOnly:false RuntimeOnly:false HLODRelevant:true ListedInSceneOutliner:true IsMainWorldOnly:false FolderPath:Walls FolderGuid:6C02BB504B69D1F3D7A624B130C18E5B
 |   |   |- Guid:958C28C6075E30008F5ADA7D3286A580 NativeClass:/Script/Engine.PostProcessVolume Name:PostProcessVolume_0 Label:PostProcessVolume SpatiallyLoaded:false EditorBounds:IsValid=true, Min=(X=0.000 Y=0.000 Z=400.000), Max=(X=200.000 Y=200.000 Z=600.000) RuntimeBounds:IsValid=true, Min=(X=0.000 Y=0.000 Z=400.000), Max=(X=200.000 Y=200.000 Z=600.000) RuntimeGrid:None EditorOnly:false RuntimeOnly:false HLODRelevant:false ListedInSceneOutliner:true IsMainWorldOnly:false FolderPath:Lighting FolderGuid:0BA5F0A04EADB18E70D5B180D08FA34B
 |   |   |- Guid:9671A65E9DC03FA394EB0952B0A677D2 NativeClass:/Script/Engine.SkyAtmosphere Name:SkyAtmosphere_0 Label:SkyAtmosphere SpatiallyLoaded:false EditorBounds:IsValid=true, Min=(X=-128.000 Y=-128.000 Z=892.000), Max=(X=240.000 Y=128.000 Z=1148.000) RuntimeBounds:IsValid=true, Min=(X=0.000 Y=0.000 Z=1020.000), Max=(X=0.000 Y=0.000 Z=1020.000) RuntimeGrid:None EditorOnly:false RuntimeOnly:false HLODRelevant:false ListedInSceneOutliner:true IsMainWorldOnly:false FolderPath:Lighting FolderGuid:0BA5F0A04EADB18E70D5B180D08FA34B
 |   |   |- Guid:9DBA9006A33D314F96BF9973C5BB82BB NativeClass:/Script/Engine.SkyLight Name:SkyLight_0 Label:SkyLight SpatiallyLoaded:false EditorBounds:IsValid=true, Min=(X=-1.000 Y=-1.000 Z=-1.000), Max=(X=1.000 Y=1.000 Z=690.000) RuntimeBounds:IsValid=true, Min=(X=0.000 Y=0.000 Z=690.000), Max=(X=0.000 Y=0.000 Z=690.000) RuntimeGrid:None EditorOnly:false RuntimeOnly:false HLODRelevant:false ListedInSceneOutliner:true IsMainWorldOnly:false FolderPath:Lighting FolderGuid:0BA5F0A04EADB18E70D5B180D08FA34B
 |   |   |- Guid:AEF7B92041C1599E27A9C29AB2B55AFA NativeClass:/Script/Engine.StaticMeshActor Name:StaticMeshActor_UAID_047C16B9CD143D7302_1076074672 Label:SM_Cube4 SpatiallyLoaded:true EditorBounds:IsValid=true, Min=(X=620.000 Y=0.000 Z=0.000), Max=(X=720.000 Y=100.000 Z=100.000) RuntimeBounds:IsValid=true, Min=(X=620.000 Y=0.000 Z=0.000), Max=(X=720.000 Y=100.000 Z=100.000) RuntimeGrid:None EditorOnly:false RuntimeOnly:false HLODRelevant:true ListedInSceneOutliner:true IsMainWorldOnly:false
 |   |   |- Guid:BECF5261CCBA38B3A8B49C3E25EF38E9 NativeClass:/Script/Engine.StaticMeshActor Name:StaticMeshActor_UAID_A4AE111137DC5EFB00_2001720423 Label:SM_SkySphere SpatiallyLoaded:false EditorBounds:IsValid=true, Min=(X=-1638400.000 Y=-1638400.000 Z=-1638400.000), Max=(X=1638400.000 Y=1638400.000 Z=1638400.000) RuntimeBounds:IsValid=true, Min=(X=-1638400.000 Y=-1638400.000 Z=-1638400.000), Max=(X=1638400.000 Y=1638400.000 Z=1638400.000) RuntimeGrid:None EditorOnly:false RuntimeOnly:false HLODRelevant:false ListedInSceneOutliner:true IsMainWorldOnly:false FolderPath:Lighting FolderGuid:0BA5F0A04EADB18E70D5B180D08FA34B
 |   |   |- Guid:D1EE23DC10D331CDB7E27A015879AC0C NativeClass:/Script/Engine.VolumetricCloud Name:VolumetricCloud_0 Label:VolumetricCloud SpatiallyLoaded:false EditorBounds:IsValid=true, Min=(X=-128.000 Y=-128.000 Z=692.000), Max=(X=128.000 Y=128.000 Z=948.000) RuntimeBounds:IsValid=true, Min=(X=0.000 Y=0.000 Z=820.000), Max=(X=0.000 Y=0.000 Z=820.000) RuntimeGrid:None EditorOnly:false RuntimeOnly:false HLODRelevant:false ListedInSceneOutliner:true IsMainWorldOnly:false FolderPath:Lighting FolderGuid:0BA5F0A04EADB18E70D5B180D08FA34B
 |   |   |- Guid:D7FDC71B4ADA3F1284DFB1D4A8499B1A NativeClass:/Script/Engine.DirectionalLight Name:DirectionalLight_1 Label:DirectionalLight SpatiallyLoaded:false EditorBounds:IsValid=false, Min=(X=0.000 Y=0.000 Z=0.000), Max=(X=0.000 Y=0.000 Z=0.000) RuntimeBounds:IsValid=false, Min=(X=0.000 Y=0.000 Z=0.000), Max=(X=0.000 Y=0.000 Z=0.000) RuntimeGrid:None EditorOnly:false RuntimeOnly:false HLODRelevant:false ListedInSceneOutliner:true IsMainWorldOnly:false FolderPath:Lighting FolderGuid:0BA5F0A04EADB18E70D5B180D08FA34B
 |   |   |- Guid:E77F1192312432889D80A4128FE7E0DF NativeClass:/Script/Engine.StaticMeshActor Name:StaticMeshActor_9 Label:SM_Cube5 SpatiallyLoaded:true EditorBounds:IsValid=true, Min=(X=-0.000 Y=100.000 Z=0.000), Max=(X=100.000 Y=7100.000 Z=1200.000) RuntimeBounds:IsValid=true, Min=(X=-0.000 Y=100.000 Z=0.000), Max=(X=100.000 Y=7100.000 Z=1200.000) RuntimeGrid:None EditorOnly:false RuntimeOnly:false HLODRelevant:true ListedInSceneOutliner:true IsMainWorldOnly:false FolderPath:Walls FolderGuid:6C02BB504B69D1F3D7A624B130C18E5B
 |   |   |- Guid:ECEFEDC1194B3EC089B714E9D69D64D4 BaseClass:/Game/Misc/Vsync_Enabler_BP.Vsync_Enabler_BP_C NativeClass:/Script/Engine.Actor Name:Vsync_Enabler_BP_C_UAID_047C16B9CD14E46702_2058924393 Label:Vsync_Enabler_BP SpatiallyLoaded:true EditorBounds:IsValid=true, Min=(X=0.000 Y=0.000 Z=0.000), Max=(X=0.000 Y=0.000 Z=0.000) RuntimeBounds:IsValid=true, Min=(X=0.000 Y=0.000 Z=0.000), Max=(X=0.000 Y=0.000 Z=0.000) RuntimeGrid:None EditorOnly:false RuntimeOnly:false HLODRelevant:false ListedInSceneOutliner:true IsMainWorldOnly:false
 |   |   |- Guid:F2833C2A868236B89B4F56135D8336D7 NativeClass:/Script/Engine.WorldDataLayers Name:WorldDataLayers Label:WorldDataLayers SpatiallyLoaded:false EditorBounds:IsValid=false, Min=(X=0.000 Y=0.000 Z=0.000), Max=(X=0.000 Y=0.000 Z=0.000) RuntimeBounds:IsValid=false, Min=(X=0.000 Y=0.000 Z=0.000), Max=(X=0.000 Y=0.000 Z=0.000) RuntimeGrid:None EditorOnly:false RuntimeOnly:false HLODRelevant:false ListedInSceneOutliner:true IsMainWorldOnly:true
 |   |   |- Guid:FDC3FA3349B13A75903B210BEBFD5051 NativeClass:/Script/Engine.ExponentialHeightFog Name:ExponentialHeightFog_0 Label:ExponentialHeightFog SpatiallyLoaded:false EditorBounds:IsValid=true, Min=(X=-5728.000 Y=-178.000 Z=-6978.000), Max=(X=-5472.000 Y=78.000 Z=-6722.000) RuntimeBounds:IsValid=true, Min=(X=-5600.000 Y=-50.000 Z=-6850.000), Max=(X=-5600.000 Y=-50.000 Z=-6850.000) RuntimeGrid:None EditorOnly:false RuntimeOnly:false HLODRelevant:false ListedInSceneOutliner:true IsMainWorldOnly:false FolderPath:Lighting FolderGuid:0BA5F0A04EADB18E70D5B180D08FA34B
 |   |- [+] Clusters:
 |   |   |- [+] [  0]
 |   |   |   |- Guid:04E056A32C5C31A29234FEF21EC7CFB5 NativeClass:/Script/Engine.StaticMeshActor Name:StaticMeshActor_10 Label:SM_Cube6 SpatiallyLoaded:true EditorBounds:IsValid=true, Min=(X=9900.000 Y=100.000 Z=0.000), Max=(X=10000.000 Y=7100.000 Z=1200.000) RuntimeBounds:IsValid=true, Min=(X=9900.000 Y=100.000 Z=0.000), Max=(X=10000.000 Y=7100.000 Z=1200.000) RuntimeGrid:None EditorOnly:false RuntimeOnly:false HLODRelevant:true ListedInSceneOutliner:true IsMainWorldOnly:false FolderPath:Walls FolderGuid:6C02BB504B69D1F3D7A624B130C18E5B
 |   |   |- [+] [  1]
 |   |   |   |- Guid:2052F1C84EDB02C8CFA828994EB5D957 BaseClass:/Game/LevelPrototyping/Objects/Utilities/Change_level_trigger_BP.Change_level_trigger_BP_C NativeClass:/Script/Engine.Actor Name:Change_level_trigger_BP_C_UAID_047C16B9CD142F6F02_2114376014 Label:Change_level_trigger_BP SpatiallyLoaded:true EditorBounds:IsValid=true, Min=(X=6105.000 Y=4003.600 Z=5.000), Max=(X=6255.000 Y=4016.400 Z=255.000) RuntimeBounds:IsValid=true, Min=(X=6105.000 Y=4003.600 Z=5.000), Max=(X=6255.000 Y=4016.400 Z=255.000) RuntimeGrid:None EditorOnly:false RuntimeOnly:false HLODRelevant:false ListedInSceneOutliner:true IsMainWorldOnly:false
 |   |   |- [+] [  2]
 |   |   |   |- Guid:70126CD164C33BF9A68B90EECD7A06CA NativeClass:/Script/Engine.PlayerStart Name:PlayerStart_0 Label:PlayerStart SpatiallyLoaded:false EditorBounds:IsValid=true, Min=(X=5122.000 Y=1132.000 Z=34.013), Max=(X=5490.000 Y=1388.000 Z=290.013) RuntimeBounds:IsValid=true, Min=(X=5210.000 Y=1220.000 Z=70.013), Max=(X=5290.000 Y=1300.000 Z=254.013) RuntimeGrid:None EditorOnly:false RuntimeOnly:false HLODRelevant:false ListedInSceneOutliner:true IsMainWorldOnly:false
 |   |   |- [+] [  3]
 |   |   |   |- Guid:7C04A4DCE17737B8B44501E95EA98593 NativeClass:/Script/Engine.StaticMeshActor Name:StaticMeshActor_3 Label:SM_Cube2 SpatiallyLoaded:true EditorBounds:IsValid=true, Min=(X=0.000 Y=0.000 Z=0.000), Max=(X=10000.000 Y=100.000 Z=1200.000) RuntimeBounds:IsValid=true, Min=(X=0.000 Y=0.000 Z=0.000), Max=(X=10000.000 Y=100.000 Z=1200.000) RuntimeGrid:None EditorOnly:false RuntimeOnly:false HLODRelevant:true ListedInSceneOutliner:true IsMainWorldOnly:false FolderPath:Walls FolderGuid:6C02BB504B69D1F3D7A624B130C18E5B
 |   |   |- [+] [  4]
 |   |   |   |- Guid:7E50752BA4453B22BFACB36BDB049644 NativeClass:/Script/NavigationSystem.RecastNavMesh Name:RecastNavMesh_UAID_047C16B9CD14265502-Default Label:RecastNavMesh-Default SpatiallyLoaded:false EditorBounds:IsValid=true, Min=(X=0.000 Y=0.000 Z=0.000), Max=(X=0.000 Y=0.000 Z=0.000) RuntimeBounds:IsValid=true, Min=(X=0.000 Y=0.000 Z=0.000), Max=(X=0.000 Y=0.000 Z=0.000) RuntimeGrid:None EditorOnly:false RuntimeOnly:false HLODRelevant:false ListedInSceneOutliner:true IsMainWorldOnly:false
 |   |   |- [+] [  5]
 |   |   |   |- Guid:852E66B33B283D599203395E52D27A5B NativeClass:/Script/Engine.StaticMeshActor Name:StaticMeshActor_0 Label:SM_Cube SpatiallyLoaded:true EditorBounds:IsValid=true, Min=(X=0.000 Y=0.000 Z=-50.000), Max=(X=10000.000 Y=7000.000 Z=0.000) RuntimeBounds:IsValid=true, Min=(X=0.000 Y=0.000 Z=-50.000), Max=(X=10000.000 Y=7000.000 Z=0.000) RuntimeGrid:None EditorOnly:false RuntimeOnly:false HLODRelevant:true ListedInSceneOutliner:true IsMainWorldOnly:false FolderPath:Walls FolderGuid:6C02BB504B69D1F3D7A624B130C18E5B
 |   |   |- [+] [  6]
 |   |   |   |- Guid:94CEED9A81013482AF36ECBDA045D3B3 NativeClass:/Script/Engine.StaticMeshActor Name:StaticMeshActor_4 Label:SM_Cube3 SpatiallyLoaded:true EditorBounds:IsValid=true, Min=(X=0.000 Y=7000.000 Z=0.000), Max=(X=10000.000 Y=7100.000 Z=1200.000) RuntimeBounds:IsValid=true, Min=(X=0.000 Y=7000.000 Z=0.000), Max=(X=10000.000 Y=7100.000 Z=1200.000) RuntimeGrid:None EditorOnly:false RuntimeOnly:false HLODRelevant:true ListedInSceneOutliner:true IsMainWorldOnly:false FolderPath:Walls FolderGuid:6C02BB504B69D1F3D7A624B130C18E5B
 |   |   |- [+] [  7]
 |   |   |   |- Guid:958C28C6075E30008F5ADA7D3286A580 NativeClass:/Script/Engine.PostProcessVolume Name:PostProcessVolume_0 Label:PostProcessVolume SpatiallyLoaded:false EditorBounds:IsValid=true, Min=(X=0.000 Y=0.000 Z=400.000), Max=(X=200.000 Y=200.000 Z=600.000) RuntimeBounds:IsValid=true, Min=(X=0.000 Y=0.000 Z=400.000), Max=(X=200.000 Y=200.000 Z=600.000) RuntimeGrid:None EditorOnly:false RuntimeOnly:false HLODRelevant:false ListedInSceneOutliner:true IsMainWorldOnly:false FolderPath:Lighting FolderGuid:0BA5F0A04EADB18E70D5B180D08FA34B
 |   |   |- [+] [  8]
 |   |   |   |- Guid:9671A65E9DC03FA394EB0952B0A677D2 NativeClass:/Script/Engine.SkyAtmosphere Name:SkyAtmosphere_0 Label:SkyAtmosphere SpatiallyLoaded:false EditorBounds:IsValid=true, Min=(X=-128.000 Y=-128.000 Z=892.000), Max=(X=240.000 Y=128.000 Z=1148.000) RuntimeBounds:IsValid=true, Min=(X=0.000 Y=0.000 Z=1020.000), Max=(X=0.000 Y=0.000 Z=1020.000) RuntimeGrid:None EditorOnly:false RuntimeOnly:false HLODRelevant:false ListedInSceneOutliner:true IsMainWorldOnly:false FolderPath:Lighting FolderGuid:0BA5F0A04EADB18E70D5B180D08FA34B
 |   |   |- [+] [  9]
 |   |   |   |- Guid:9DBA9006A33D314F96BF9973C5BB82BB NativeClass:/Script/Engine.SkyLight Name:SkyLight_0 Label:SkyLight SpatiallyLoaded:false EditorBounds:IsValid=true, Min=(X=-1.000 Y=-1.000 Z=-1.000), Max=(X=1.000 Y=1.000 Z=690.000) RuntimeBounds:IsValid=true, Min=(X=0.000 Y=0.000 Z=690.000), Max=(X=0.000 Y=0.000 Z=690.000) RuntimeGrid:None EditorOnly:false RuntimeOnly:false HLODRelevant:false ListedInSceneOutliner:true IsMainWorldOnly:false FolderPath:Lighting FolderGuid:0BA5F0A04EADB18E70D5B180D08FA34B
 |   |   |- [+] [ 10]
 |   |   |   |- Guid:AEF7B92041C1599E27A9C29AB2B55AFA NativeClass:/Script/Engine.StaticMeshActor Name:StaticMeshActor_UAID_047C16B9CD143D7302_1076074672 Label:SM_Cube4 SpatiallyLoaded:true EditorBounds:IsValid=true, Min=(X=620.000 Y=0.000 Z=0.000), Max=(X=720.000 Y=100.000 Z=100.000) RuntimeBounds:IsValid=true, Min=(X=620.000 Y=0.000 Z=0.000), Max=(X=720.000 Y=100.000 Z=100.000) RuntimeGrid:None EditorOnly:false RuntimeOnly:false HLODRelevant:true ListedInSceneOutliner:true IsMainWorldOnly:false
 |   |   |- [+] [ 11]
 |   |   |   |- Guid:BECF5261CCBA38B3A8B49C3E25EF38E9 NativeClass:/Script/Engine.StaticMeshActor Name:StaticMeshActor_UAID_A4AE111137DC5EFB00_2001720423 Label:SM_SkySphere SpatiallyLoaded:false EditorBounds:IsValid=true, Min=(X=-1638400.000 Y=-1638400.000 Z=-1638400.000), Max=(X=1638400.000 Y=1638400.000 Z=1638400.000) RuntimeBounds:IsValid=true, Min=(X=-1638400.000 Y=-1638400.000 Z=-1638400.000), Max=(X=1638400.000 Y=1638400.000 Z=1638400.000) RuntimeGrid:None EditorOnly:false RuntimeOnly:false HLODRelevant:false ListedInSceneOutliner:true IsMainWorldOnly:false FolderPath:Lighting FolderGuid:0BA5F0A04EADB18E70D5B180D08FA34B
 |   |   |- [+] [ 12]
 |   |   |   |- Guid:D1EE23DC10D331CDB7E27A015879AC0C NativeClass:/Script/Engine.VolumetricCloud Name:VolumetricCloud_0 Label:VolumetricCloud SpatiallyLoaded:false EditorBounds:IsValid=true, Min=(X=-128.000 Y=-128.000 Z=692.000), Max=(X=128.000 Y=128.000 Z=948.000) RuntimeBounds:IsValid=true, Min=(X=0.000 Y=0.000 Z=820.000), Max=(X=0.000 Y=0.000 Z=820.000) RuntimeGrid:None EditorOnly:false RuntimeOnly:false HLODRelevant:false ListedInSceneOutliner:true IsMainWorldOnly:false FolderPath:Lighting FolderGuid:0BA5F0A04EADB18E70D5B180D08FA34B
 |   |   |- [+] [ 13]
 |   |   |   |- Guid:D7FDC71B4ADA3F1284DFB1D4A8499B1A NativeClass:/Script/Engine.DirectionalLight Name:DirectionalLight_1 Label:DirectionalLight SpatiallyLoaded:false EditorBounds:IsValid=false, Min=(X=0.000 Y=0.000 Z=0.000), Max=(X=0.000 Y=0.000 Z=0.000) RuntimeBounds:IsValid=false, Min=(X=0.000 Y=0.000 Z=0.000), Max=(X=0.000 Y=0.000 Z=0.000) RuntimeGrid:None EditorOnly:false RuntimeOnly:false HLODRelevant:false ListedInSceneOutliner:true IsMainWorldOnly:false FolderPath:Lighting FolderGuid:0BA5F0A04EADB18E70D5B180D08FA34B
 |   |   |- [+] [ 14]
 |   |   |   |- Guid:E77F1192312432889D80A4128FE7E0DF NativeClass:/Script/Engine.StaticMeshActor Name:StaticMeshActor_9 Label:SM_Cube5 SpatiallyLoaded:true EditorBounds:IsValid=true, Min=(X=-0.000 Y=100.000 Z=0.000), Max=(X=100.000 Y=7100.000 Z=1200.000) RuntimeBounds:IsValid=true, Min=(X=-0.000 Y=100.000 Z=0.000), Max=(X=100.000 Y=7100.000 Z=1200.000) RuntimeGrid:None EditorOnly:false RuntimeOnly:false HLODRelevant:true ListedInSceneOutliner:true IsMainWorldOnly:false FolderPath:Walls FolderGuid:6C02BB504B69D1F3D7A624B130C18E5B
 |   |   |- [+] [ 15]
 |   |   |   |- Guid:ECEFEDC1194B3EC089B714E9D69D64D4 BaseClass:/Game/Misc/Vsync_Enabler_BP.Vsync_Enabler_BP_C NativeClass:/Script/Engine.Actor Name:Vsync_Enabler_BP_C_UAID_047C16B9CD14E46702_2058924393 Label:Vsync_Enabler_BP SpatiallyLoaded:true EditorBounds:IsValid=true, Min=(X=0.000 Y=0.000 Z=0.000), Max=(X=0.000 Y=0.000 Z=0.000) RuntimeBounds:IsValid=true, Min=(X=0.000 Y=0.000 Z=0.000), Max=(X=0.000 Y=0.000 Z=0.000) RuntimeGrid:None EditorOnly:false RuntimeOnly:false HLODRelevant:false ListedInSceneOutliner:true IsMainWorldOnly:false
 |   |   |- [+] [ 16]
 |   |   |   |- Guid:F2833C2A868236B89B4F56135D8336D7 NativeClass:/Script/Engine.WorldDataLayers Name:WorldDataLayers Label:WorldDataLayers SpatiallyLoaded:false EditorBounds:IsValid=false, Min=(X=0.000 Y=0.000 Z=0.000), Max=(X=0.000 Y=0.000 Z=0.000) RuntimeBounds:IsValid=false, Min=(X=0.000 Y=0.000 Z=0.000), Max=(X=0.000 Y=0.000 Z=0.000) RuntimeGrid:None EditorOnly:false RuntimeOnly:false HLODRelevant:false ListedInSceneOutliner:true IsMainWorldOnly:true
 |   |   |- [+] [ 17]
 |   |   |   |- Guid:FDC3FA3349B13A75903B210BEBFD5051 NativeClass:/Script/Engine.ExponentialHeightFog Name:ExponentialHeightFog_0 Label:ExponentialHeightFog SpatiallyLoaded:false EditorBounds:IsValid=true, Min=(X=-5728.000 Y=-178.000 Z=-6978.000), Max=(X=-5472.000 Y=78.000 Z=-6722.000) RuntimeBounds:IsValid=true, Min=(X=-5600.000 Y=-50.000 Z=-6850.000), Max=(X=-5600.000 Y=-50.000 Z=-6850.000) RuntimeGrid:None EditorOnly:false RuntimeOnly:false HLODRelevant:false ListedInSceneOutliner:true IsMainWorldOnly:false FolderPath:Lighting FolderGuid:0BA5F0A04EADB18E70D5B180D08FA34B
 |- ContainerInstances:
 |- [+] MainContainer:
 |   |-        ID: 00000000000000000000000000000000
 |   |-  ParentID: 00000000000000000000000000000000
 |   |-    Bounds: IsValid=false, Min=(X=0.000 Y=0.000 Z=0.000), Max=(X=0.000 Y=0.000 Z=0.000)
 |   |- Transform: 0.000000,0.000000,0.000000|0.000000,0.000000,-0.000000|1.000000,1.000000,1.000000
 |   |- Container: /Game/Maps/Sandbox/FirstPersonMap
----------------------------------------------------------------------------------------------------------------
FirstPersonMap - Persistent Level
----------------------------------------------------------------------------------------------------------------
[+] Content of FirstPersonMap Persistent Level
 |- Always loaded Actor Count: 18 
 |- Actor Path: /Game/Maps/Sandbox/FirstPersonMap.FirstPersonMap:PersistentLevel.Change_level_trigger_BP_C_UAID_047C16B9CD142F6F02_2114376014
 |- Actor Package: /Game/__ExternalActors__/Maps/Sandbox/FirstPersonMap/0/IZ/2R1OFFC1DHRPXZKJ1HTT19
 |- Actor Path: /Game/Maps/Sandbox/FirstPersonMap.FirstPersonMap:PersistentLevel.DirectionalLight_1
 |- Actor Package: /Game/__ExternalActors__/Maps/Sandbox/FirstPersonMap/9/2A/700DITQW5XKKJ39X3LPS5V
 |- Actor Path: /Game/Maps/Sandbox/FirstPersonMap.FirstPersonMap:PersistentLevel.ExponentialHeightFog_0
 |- Actor Package: /Game/__ExternalActors__/Maps/Sandbox/FirstPersonMap/9/8Y/EHGLATHR6SJ8N4BBKSKI1H
 |- Actor Path: /Game/Maps/Sandbox/FirstPersonMap.FirstPersonMap:PersistentLevel.PlayerStart_0
 |- Actor Package: /Game/__ExternalActors__/Maps/Sandbox/FirstPersonMap/B/8N/NU2ZBWCUBNX5GJVIVSE07J
 |- Actor Path: /Game/Maps/Sandbox/FirstPersonMap.FirstPersonMap:PersistentLevel.PostProcessVolume_0
 |- Actor Package: /Game/__ExternalActors__/Maps/Sandbox/FirstPersonMap/6/ER/Q1L9UXCS7YRHAE6RNDX3IA
 |- Actor Path: /Game/Maps/Sandbox/FirstPersonMap.FirstPersonMap:PersistentLevel.RecastNavMesh_UAID_047C16B9CD14265502-Default
 |- Actor Package: /Game/__ExternalActors__/Maps/Sandbox/FirstPersonMap/7/E9/9R88QBZMN949D4G3931VMW
 |- Actor Path: /Game/Maps/Sandbox/FirstPersonMap.FirstPersonMap:PersistentLevel.SkyAtmosphere_0
 |- Actor Package: /Game/__ExternalActors__/Maps/Sandbox/FirstPersonMap/0/RW/PG2ZMEX3WNNKNDZO7PWYF2
 |- Actor Path: /Game/Maps/Sandbox/FirstPersonMap.FirstPersonMap:PersistentLevel.SkyLight_0
 |- Actor Package: /Game/__ExternalActors__/Maps/Sandbox/FirstPersonMap/8/U6/9FC3Z580O8EAS5DTWBBKB0
 |- Actor Path: /Game/Maps/Sandbox/FirstPersonMap.FirstPersonMap:PersistentLevel.StaticMeshActor_0
 |- Actor Package: /Game/__ExternalActors__/Maps/Sandbox/FirstPersonMap/8/6B/TU0177PP422NI4GEDFQH3M
 |- Actor Path: /Game/Maps/Sandbox/FirstPersonMap.FirstPersonMap:PersistentLevel.StaticMeshActor_10
 |- Actor Package: /Game/__ExternalActors__/Maps/Sandbox/FirstPersonMap/7/FH/N5INMPT2UA00TYEQKBR772
 |- Actor Path: /Game/Maps/Sandbox/FirstPersonMap.FirstPersonMap:PersistentLevel.StaticMeshActor_3
 |- Actor Package: /Game/__ExternalActors__/Maps/Sandbox/FirstPersonMap/9/ID/QADNH8B9KK1B1MWTU23JA9
 |- Actor Path: /Game/Maps/Sandbox/FirstPersonMap.FirstPersonMap:PersistentLevel.StaticMeshActor_4
 |- Actor Package: /Game/__ExternalActors__/Maps/Sandbox/FirstPersonMap/4/EM/ZBUMYOAJH6TO0HQJVW2X2M
 |- Actor Path: /Game/Maps/Sandbox/FirstPersonMap.FirstPersonMap:PersistentLevel.StaticMeshActor_9
 |- Actor Package: /Game/__ExternalActors__/Maps/Sandbox/FirstPersonMap/6/64/YTSZXZGL8AYOX4FS2K9WB4
 |- Actor Path: /Game/Maps/Sandbox/FirstPersonMap.FirstPersonMap:PersistentLevel.StaticMeshActor_UAID_047C16B9CD143D7302_1076074672
 |- Actor Package: /Game/__ExternalActors__/Maps/Sandbox/FirstPersonMap/B/XK/KPMV7FWGWKFSLW5JIZV0X0
 |- Actor Path: /Game/Maps/Sandbox/FirstPersonMap.FirstPersonMap:PersistentLevel.StaticMeshActor_UAID_A4AE111137DC5EFB00_2001720423
 |- Actor Package: /Game/__ExternalActors__/Maps/Sandbox/FirstPersonMap/2/CE/C3X3JN568KX4YNSO6XPXQO
 |- Actor Path: /Game/Maps/Sandbox/FirstPersonMap.FirstPersonMap:PersistentLevel.VolumetricCloud_0
 |- Actor Package: /Game/__ExternalActors__/Maps/Sandbox/FirstPersonMap/5/BE/6UQSM6IJPVR55XAZ5WDHT4
 |- Actor Path: /Game/Maps/Sandbox/FirstPersonMap.FirstPersonMap:PersistentLevel.Vsync_Enabler_BP_C_UAID_047C16B9CD14E46702_2058924393
 |- Actor Package: /Game/__ExternalActors__/Maps/Sandbox/FirstPersonMap/C/OG/TBILMPYCGAR5CX653IP759
 |- Actor Path: /Game/Maps/Sandbox/FirstPersonMap.FirstPersonMap:PersistentLevel.WorldDataLayers
 |- Actor Package: /Game/__ExternalActors__/Maps/Sandbox/FirstPersonMap/B/D0/47PXUBWBUXPV95S4OEQ7HH

----------------------------------------------------------------------------------------------------------------
FirstPersonMap - Runtime Hash Set
----------------------------------------------------------------------------------------------------------------

